   text	   data	    bss	    dec	    hex	filename
 0x7880	 0x1794	  0x41c	  37936	   9430	/home/wenda/ai_deck/uwb-aideck/BUILD/GAP8_V2/GCC_RISCV/test
/home/wenda/ai_deck/uwb-aideck/BUILD/GAP8_V2/GCC_RISCV/test:1b000c08 00000001 D camera_isAwaked	/home/wenda/ai_deck/gap_sdk/rtos/pulp/pulp-os/drivers_deprecated/camera/himax.c:150
/home/wenda/ai_deck/uwb-aideck/BUILD/GAP8_V2/GCC_RISCV/test:00000338 00000001 D __rt_hyper_pending_emu_do_memcpy	/home/wenda/ai_deck/gap_sdk/rtos/pulp/pulp-os/drivers/hyper/hyperram-v1.c:53
/home/wenda/ai_deck/uwb-aideck/BUILD/GAP8_V2/GCC_RISCV/test:1c007acc 00000001 D value	/home/wenda/ai_deck/uwb-aideck/test.c:29
/home/wenda/ai_deck/uwb-aideck/BUILD/GAP8_V2/GCC_RISCV/test:1c001412 00000002 T __flash_conf_init	/home/wenda/ai_deck/gap_sdk/rtos/pmsis/pmsis_bsp/flash/flash.c:33
/home/wenda/ai_deck/uwb-aideck/BUILD/GAP8_V2/GCC_RISCV/test:1c003712 00000002 W illegal_insn_handler_c	/home/wenda/ai_deck/gap_sdk/rtos/pulp/pulp-os/kernel/irq.c:89
/home/wenda/ai_deck/uwb-aideck/BUILD/GAP8_V2/GCC_RISCV/test:1c007ec4 00000002 B image_number	/home/wenda/ai_deck/uwb-aideck/test.c:48
/home/wenda/ai_deck/uwb-aideck/BUILD/GAP8_V2/GCC_RISCV/test:1c001cb2 00000002 t __pi_host_fs_direct_read_async
/home/wenda/ai_deck/uwb-aideck/BUILD/GAP8_V2/GCC_RISCV/test:1c001b7a 00000002 t __pi_host_fs_unmount	/home/wenda/ai_deck/gap_sdk/rtos/pmsis/pmsis_bsp/fs/host_fs/host_fs.c:40
/home/wenda/ai_deck/uwb-aideck/BUILD/GAP8_V2/GCC_RISCV/test:1c0026de 00000002 T pi_partition_table_free	/home/wenda/ai_deck/gap_sdk/rtos/pmsis/pmsis_bsp/partition/partition.c:46
/home/wenda/ai_deck/uwb-aideck/BUILD/GAP8_V2/GCC_RISCV/test:1c003dd8 00000002 T pi_task_push_delayed_us	/home/wenda/ai_deck/gap_sdk/rtos/pulp/pulp-os/kernel/events.c:273
/home/wenda/ai_deck/uwb-aideck/BUILD/GAP8_V2/GCC_RISCV/test:1c004082 00000002 T pi_time_wait_us	/home/wenda/ai_deck/gap_sdk/rtos/pulp/pulp-os/kernel/time.c:131
/home/wenda/ai_deck/uwb-aideck/BUILD/GAP8_V2/GCC_RISCV/test:1c0048b2 00000002 T __rt_fll_deinit	/home/wenda/ai_deck/gap_sdk/rtos/pulp/pulp-os/kernel/gap/pmu_driver.c:876
/home/wenda/ai_deck/uwb-aideck/BUILD/GAP8_V2/GCC_RISCV/test:1c0048b4 00000002 T __rt_flls_constructor	/home/wenda/ai_deck/gap_sdk/rtos/pulp/pulp-os/kernel/gap/pmu_driver.c:880
/home/wenda/ai_deck/uwb-aideck/BUILD/GAP8_V2/GCC_RISCV/test:1c007ae8 00000003 d ToHWDCDC_Pos	/home/wenda/ai_deck/gap_sdk/rtos/pulp/pulp-os/kernel/gap/pmu_driver.c:192
/home/wenda/ai_deck/uwb-aideck/BUILD/GAP8_V2/GCC_RISCV/test:1c007fac 00000004 B acc_z	/home/wenda/ai_deck/uwb-aideck/test.c:55
/home/wenda/ai_deck/uwb-aideck/BUILD/GAP8_V2/GCC_RISCV/test:1c007ecc 00000004 b __bsp_init_pads_done	/home/wenda/ai_deck/gap_sdk/rtos/pmsis/pmsis_bsp/bsp/ai_deck.c:28
/home/wenda/ai_deck/uwb-aideck/BUILD/GAP8_V2/GCC_RISCV/test:1c007ac4 00000004 D buff	/home/wenda/ai_deck/uwb-aideck/test.c:27
/home/wenda/ai_deck/uwb-aideck/BUILD/GAP8_V2/GCC_RISCV/test:1c007ac8 00000004 D buff_demosaick	/home/wenda/ai_deck/uwb-aideck/test.c:28
/home/wenda/ai_deck/uwb-aideck/BUILD/GAP8_V2/GCC_RISCV/test:1c007f98 00000004 B cf_tick	/home/wenda/ai_deck/uwb-aideck/test.c:55
/home/wenda/ai_deck/uwb-aideck/BUILD/GAP8_V2/GCC_RISCV/test:1c0073ec 00000004 t ctor_list	/home/wenda/ai_deck/gap_sdk/rtos/pulp/pulp-os/kernel/init.c:29
/home/wenda/ai_deck/uwb-aideck/BUILD/GAP8_V2/GCC_RISCV/test:1c007434 00000004 t dtor_list	/home/wenda/ai_deck/gap_sdk/rtos/pulp/pulp-os/kernel/init.c:30
/home/wenda/ai_deck/uwb-aideck/BUILD/GAP8_V2/GCC_RISCV/test:1c007fc0 00000004 B first_delayed
/home/wenda/ai_deck/uwb-aideck/BUILD/GAP8_V2/GCC_RISCV/test:1c007ec0 00000004 B flash_address	/home/wenda/ai_deck/uwb-aideck/test.c:46
/home/wenda/ai_deck/uwb-aideck/BUILD/GAP8_V2/GCC_RISCV/test:1c007f94 00000004 B gyro_x	/home/wenda/ai_deck/uwb-aideck/test.c:55
/home/wenda/ai_deck/uwb-aideck/BUILD/GAP8_V2/GCC_RISCV/test:1c007f7c 00000004 B gyro_y	/home/wenda/ai_deck/uwb-aideck/test.c:55
/home/wenda/ai_deck/uwb-aideck/BUILD/GAP8_V2/GCC_RISCV/test:1c007fa8 00000004 B gyro_z	/home/wenda/ai_deck/uwb-aideck/test.c:55
/home/wenda/ai_deck/uwb-aideck/BUILD/GAP8_V2/GCC_RISCV/test:1c007fb0 00000004 B img_rgb888	/home/wenda/ai_deck/gap_sdk/libs/gap_lib/img_io/ImgIO.c:20
/home/wenda/ai_deck/uwb-aideck/BUILD/GAP8_V2/GCC_RISCV/test:1c007ed8 00000004 b __pi_hyper_cluster_reqs_first	/home/wenda/ai_deck/gap_sdk/rtos/pulp/pulp-os/drivers/hyper/hyperram-v1.c:62
/home/wenda/ai_deck/uwb-aideck/BUILD/GAP8_V2/GCC_RISCV/test:1c0036c2 00000004 T pi_open_from_conf	/home/wenda/ai_deck/gap_sdk/rtos/pulp/pulp-os/kernel/init.c:325
/home/wenda/ai_deck/uwb-aideck/BUILD/GAP8_V2/GCC_RISCV/test:1c0026e0 00000004 T pi_partition_table_load	/home/wenda/ai_deck/gap_sdk/rtos/pmsis/pmsis_bsp/partition/partition.c:51
/home/wenda/ai_deck/uwb-aideck/BUILD/GAP8_V2/GCC_RISCV/test:1c00161a 00000004 t __pi_read_fs_unmount	/home/wenda/ai_deck/gap_sdk/rtos/pmsis/pmsis_bsp/fs/read_fs/read_fs.c:230
/home/wenda/ai_deck/uwb-aideck/BUILD/GAP8_V2/GCC_RISCV/test:1c007aec 00000004 D PMURetentionState
/home/wenda/ai_deck/uwb-aideck/BUILD/GAP8_V2/GCC_RISCV/test:1c007f90 00000004 B pos_z	/home/wenda/ai_deck/uwb-aideck/test.c:55
/home/wenda/ai_deck/uwb-aideck/BUILD/GAP8_V2/GCC_RISCV/test:000003a4 00000004 D pwmEventsStatus	/home/wenda/ai_deck/gap_sdk/rtos/pulp/pulp-os/drivers/pwm/pwm.c:9
/home/wenda/ai_deck/uwb-aideck/BUILD/GAP8_V2/GCC_RISCV/test:1c007af8 00000004 d RetPMUStateToPMUState	/home/wenda/ai_deck/gap_sdk/rtos/pulp/pulp-os/kernel/gap/pmu_driver.c:185
/home/wenda/ai_deck/uwb-aideck/BUILD/GAP8_V2/GCC_RISCV/test:1c007fbc 00000004 B __rt_alloc_fc_tcdm
/home/wenda/ai_deck/uwb-aideck/BUILD/GAP8_V2/GCC_RISCV/test:1c007fb4 00000004 B __rt_alloc_l1
/home/wenda/ai_deck/uwb-aideck/BUILD/GAP8_V2/GCC_RISCV/test:1c007fb8 00000004 B __rt_alloc_l2
/home/wenda/ai_deck/uwb-aideck/BUILD/GAP8_V2/GCC_RISCV/test:00000014 00000004 d __rt_bridge_eeprom_handle	/home/wenda/ai_deck/gap_sdk/rtos/pulp/pulp-os/kernel/bridge.c:25
/home/wenda/ai_deck/uwb-aideck/BUILD/GAP8_V2/GCC_RISCV/test:00000010 00000004 d __rt_bridge_flash_cs	/home/wenda/ai_deck/gap_sdk/rtos/pulp/pulp-os/kernel/bridge.c:29
/home/wenda/ai_deck/uwb-aideck/BUILD/GAP8_V2/GCC_RISCV/test:00000004 00000004 d __rt_bridge_flash_handle	/home/wenda/ai_deck/gap_sdk/rtos/pulp/pulp-os/kernel/bridge.c:26
/home/wenda/ai_deck/uwb-aideck/BUILD/GAP8_V2/GCC_RISCV/test:0000000c 00000004 d __rt_bridge_flash_itf	/home/wenda/ai_deck/gap_sdk/rtos/pulp/pulp-os/kernel/bridge.c:28
/home/wenda/ai_deck/uwb-aideck/BUILD/GAP8_V2/GCC_RISCV/test:00000008 00000004 d __rt_bridge_flash_type	/home/wenda/ai_deck/gap_sdk/rtos/pulp/pulp-os/kernel/bridge.c:27
/home/wenda/ai_deck/uwb-aideck/BUILD/GAP8_V2/GCC_RISCV/test:000003e0 00000004 D __rtc_handler	/home/wenda/ai_deck/gap_sdk/rtos/pulp/pulp-os/drivers_deprecated/dolphin/rtc.c:25
/home/wenda/ai_deck/uwb-aideck/BUILD/GAP8_V2/GCC_RISCV/test:1000001c 00000004 D __rt_cluster_fc_task_lock	/home/wenda/ai_deck/gap_sdk/rtos/pulp/pulp-os/kernel/cluster.c:59
/home/wenda/ai_deck/uwb-aideck/BUILD/GAP8_V2/GCC_RISCV/test:00000018 00000004 D __rt_cluster_nb_active_pe
/home/wenda/ai_deck/uwb-aideck/BUILD/GAP8_V2/GCC_RISCV/test:1c007fd0 00000004 B __rt_cluster_tasks	/home/wenda/ai_deck/gap_sdk/rtos/pulp/pulp-os/kernel/cluster.c:41
/home/wenda/ai_deck/uwb-aideck/BUILD/GAP8_V2/GCC_RISCV/test:1b000bec 00000004 D __rt_debug_config
/home/wenda/ai_deck/uwb-aideck/BUILD/GAP8_V2/GCC_RISCV/test:1b000be8 00000004 D __rt_debug_config_trace
/home/wenda/ai_deck/uwb-aideck/BUILD/GAP8_V2/GCC_RISCV/test:00000014 00000004 D __rt_dma_first_pending
/home/wenda/ai_deck/uwb-aideck/BUILD/GAP8_V2/GCC_RISCV/test:00000010 00000004 D __rt_dma_last_pending
/home/wenda/ai_deck/uwb-aideck/BUILD/GAP8_V2/GCC_RISCV/test:1c007ed4 00000004 b __rt_fc_cluster_device	/home/wenda/ai_deck/gap_sdk/rtos/pulp/pulp-os/kernel/pulpos_emu.c:25
/home/wenda/ai_deck/uwb-aideck/BUILD/GAP8_V2/GCC_RISCV/test:1c007a80 00000004 V __rt_fc_stack_size	/home/wenda/ai_deck/gap_sdk/rtos/pulp/pulp-os/kernel/conf.c:36
/home/wenda/ai_deck/uwb-aideck/BUILD/GAP8_V2/GCC_RISCV/test:00000018 00000004 D __rt_first_free
/home/wenda/ai_deck/uwb-aideck/BUILD/GAP8_V2/GCC_RISCV/test:00000324 00000004 D __rt_hyper_current_task	/home/wenda/ai_deck/gap_sdk/rtos/pulp/pulp-os/drivers/hyper/hyperram-v1.c:27
/home/wenda/ai_deck/uwb-aideck/BUILD/GAP8_V2/GCC_RISCV/test:00000320 00000004 D __rt_hyper_end_task	/home/wenda/ai_deck/gap_sdk/rtos/pulp/pulp-os/drivers/hyper/hyperram-v1.c:25
/home/wenda/ai_deck/uwb-aideck/BUILD/GAP8_V2/GCC_RISCV/test:1c007edc 00000004 b __rt_hyper_open_count	/home/wenda/ai_deck/gap_sdk/rtos/pulp/pulp-os/drivers/hyper/hyperram-v1.c:65
/home/wenda/ai_deck/uwb-aideck/BUILD/GAP8_V2/GCC_RISCV/test:00000314 00000004 D __rt_hyper_pending_addr	/home/wenda/ai_deck/gap_sdk/rtos/pulp/pulp-os/drivers/hyper/hyperram-v1.c:33
/home/wenda/ai_deck/uwb-aideck/BUILD/GAP8_V2/GCC_RISCV/test:0000030c 00000004 D __rt_hyper_pending_base	/home/wenda/ai_deck/gap_sdk/rtos/pulp/pulp-os/drivers/hyper/hyperram-v1.c:31
/home/wenda/ai_deck/uwb-aideck/BUILD/GAP8_V2/GCC_RISCV/test:00000330 00000004 D __rt_hyper_pending_emu_addr	/home/wenda/ai_deck/gap_sdk/rtos/pulp/pulp-os/drivers/hyper/hyperram-v1.c:48
/home/wenda/ai_deck/uwb-aideck/BUILD/GAP8_V2/GCC_RISCV/test:00000328 00000004 D __rt_hyper_pending_emu_channel	/home/wenda/ai_deck/gap_sdk/rtos/pulp/pulp-os/drivers/hyper/hyperram-v1.c:46
/home/wenda/ai_deck/uwb-aideck/BUILD/GAP8_V2/GCC_RISCV/test:0000032c 00000004 D __rt_hyper_pending_emu_hyper_addr	/home/wenda/ai_deck/gap_sdk/rtos/pulp/pulp-os/drivers/hyper/hyperram-v1.c:47
/home/wenda/ai_deck/uwb-aideck/BUILD/GAP8_V2/GCC_RISCV/test:0000034c 00000004 D __rt_hyper_pending_emu_length	/home/wenda/ai_deck/gap_sdk/rtos/pulp/pulp-os/drivers/hyper/hyperram-v1.c:51
/home/wenda/ai_deck/uwb-aideck/BUILD/GAP8_V2/GCC_RISCV/test:00000334 00000004 D __rt_hyper_pending_emu_size	/home/wenda/ai_deck/gap_sdk/rtos/pulp/pulp-os/drivers/hyper/hyperram-v1.c:49
/home/wenda/ai_deck/uwb-aideck/BUILD/GAP8_V2/GCC_RISCV/test:00000348 00000004 D __rt_hyper_pending_emu_size_2d	/home/wenda/ai_deck/gap_sdk/rtos/pulp/pulp-os/drivers/hyper/hyperram-v1.c:50
/home/wenda/ai_deck/uwb-aideck/BUILD/GAP8_V2/GCC_RISCV/test:00000350 00000004 D __rt_hyper_pending_emu_stride	/home/wenda/ai_deck/gap_sdk/rtos/pulp/pulp-os/drivers/hyper/hyperram-v1.c:52
/home/wenda/ai_deck/uwb-aideck/BUILD/GAP8_V2/GCC_RISCV/test:0000033c 00000004 D __rt_hyper_pending_emu_task	/home/wenda/ai_deck/gap_sdk/rtos/pulp/pulp-os/drivers/hyper/hyperram-v1.c:54
/home/wenda/ai_deck/uwb-aideck/BUILD/GAP8_V2/GCC_RISCV/test:00000310 00000004 D __rt_hyper_pending_hyper_addr	/home/wenda/ai_deck/gap_sdk/rtos/pulp/pulp-os/drivers/hyper/hyperram-v1.c:32
/home/wenda/ai_deck/uwb-aideck/BUILD/GAP8_V2/GCC_RISCV/test:00000318 00000004 D __rt_hyper_pending_repeat	/home/wenda/ai_deck/gap_sdk/rtos/pulp/pulp-os/drivers/hyper/hyperram-v1.c:34
/home/wenda/ai_deck/uwb-aideck/BUILD/GAP8_V2/GCC_RISCV/test:0000031c 00000004 D __rt_hyper_pending_repeat_size	/home/wenda/ai_deck/gap_sdk/rtos/pulp/pulp-os/drivers/hyper/hyperram-v1.c:35
/home/wenda/ai_deck/uwb-aideck/BUILD/GAP8_V2/GCC_RISCV/test:00000340 00000004 D __rt_hyper_pending_tasks	/home/wenda/ai_deck/gap_sdk/rtos/pulp/pulp-os/drivers/hyper/hyperram-v1.c:39
/home/wenda/ai_deck/uwb-aideck/BUILD/GAP8_V2/GCC_RISCV/test:00000344 00000004 D __rt_hyper_pending_tasks_last	/home/wenda/ai_deck/gap_sdk/rtos/pulp/pulp-os/drivers/hyper/hyperram-v1.c:40
/home/wenda/ai_deck/uwb-aideck/BUILD/GAP8_V2/GCC_RISCV/test:1c0056be 00000004 T __rt_hyper_resume_copy	/home/wenda/ai_deck/gap_sdk/rtos/pulp/pulp-os/drivers/hyper/hyperram-v1.c:988
/home/wenda/ai_deck/uwb-aideck/BUILD/GAP8_V2/GCC_RISCV/test:00000308 00000004 D __rt_hyper_udma_handle
/home/wenda/ai_deck/uwb-aideck/BUILD/GAP8_V2/GCC_RISCV/test:1c007ee0 00000004 b __rt_i2s_first	/home/wenda/ai_deck/gap_sdk/rtos/pulp/pulp-os/drivers_deprecated/i2s/i2s-v1.c:40
/home/wenda/ai_deck/uwb-aideck/BUILD/GAP8_V2/GCC_RISCV/test:1c007a84 00000004 V __rt_iodev
/home/wenda/ai_deck/uwb-aideck/BUILD/GAP8_V2/GCC_RISCV/test:1c007a88 00000004 V __rt_iodev_uart_baudrate
/home/wenda/ai_deck/uwb-aideck/BUILD/GAP8_V2/GCC_RISCV/test:1c007ec8 00000004 V __rt_iodev_uart_channel
/home/wenda/ai_deck/uwb-aideck/BUILD/GAP8_V2/GCC_RISCV/test:1c007eec 00000004 b __rt_io_event_current	/home/wenda/ai_deck/gap_sdk/rtos/pulp/pulp-os/libs/io/io.c:40
/home/wenda/ai_deck/uwb-aideck/BUILD/GAP8_V2/GCC_RISCV/test:1c007ef0 00000004 b __rt_io_pending_flush	/home/wenda/ai_deck/gap_sdk/rtos/pulp/pulp-os/libs/io/io.c:50
/home/wenda/ai_deck/uwb-aideck/BUILD/GAP8_V2/GCC_RISCV/test:1c007ef8 00000004 b _rt_io_uart	/home/wenda/ai_deck/gap_sdk/rtos/pulp/pulp-os/libs/io/io.c:38
/home/wenda/ai_deck/uwb-aideck/BUILD/GAP8_V2/GCC_RISCV/test:1c007a8c 00000004 V __rt_platform
/home/wenda/ai_deck/uwb-aideck/BUILD/GAP8_V2/GCC_RISCV/test:1c007ef4 00000004 b __rt_putc_host_buffer_index	/home/wenda/ai_deck/gap_sdk/rtos/pulp/pulp-os/libs/io/io.c:48
/home/wenda/ai_deck/uwb-aideck/BUILD/GAP8_V2/GCC_RISCV/test:000003dc 00000004 D __rt_rtc_init_done	/home/wenda/ai_deck/gap_sdk/rtos/pulp/pulp-os/drivers_deprecated/dolphin/rtc.c:26
/home/wenda/ai_deck/uwb-aideck/BUILD/GAP8_V2/GCC_RISCV/test:1c007fcc 00000004 B __rt_wakeup_use_fast	/home/wenda/ai_deck/gap_sdk/rtos/pulp/pulp-os/kernel/gap/pmu_driver.c:173
/home/wenda/ai_deck/uwb-aideck/BUILD/GAP8_V2/GCC_RISCV/test:1c007ed0 00000004 b timer_count	/home/wenda/ai_deck/gap_sdk/rtos/pulp/pulp-os/kernel/time.c:23
/home/wenda/ai_deck/uwb-aideck/BUILD/GAP8_V2/GCC_RISCV/test:1c004aac 00000006 T pi_cluster_conf_init	/home/wenda/ai_deck/gap_sdk/rtos/pulp/pulp-os/kernel/cluster.c:337
/home/wenda/ai_deck/uwb-aideck/BUILD/GAP8_V2/GCC_RISCV/test:1c001ba0 00000006 t __pi_host_fs_seek	/home/wenda/ai_deck/gap_sdk/rtos/pmsis/pmsis_bsp/fs/host_fs/host_fs.c:109
/home/wenda/ai_deck/uwb-aideck/BUILD/GAP8_V2/GCC_RISCV/test:1c006196 00000006 T putchar	/home/wenda/ai_deck/gap_sdk/rtos/pulp/pulp-os/libs/io/io.c:621
/home/wenda/ai_deck/uwb-aideck/BUILD/GAP8_V2/GCC_RISCV/test:1c0048b6 00000006 T __rt_fll_set_freq	/home/wenda/ai_deck/gap_sdk/rtos/pulp/pulp-os/kernel/gap/pmu_driver.c:884
/home/wenda/ai_deck/uwb-aideck/BUILD/GAP8_V2/GCC_RISCV/test:1c003462 00000006 T semihost_close	/home/wenda/ai_deck/gap_sdk/rtos/pmsis/pmsis_bsp/fs/host_fs/semihost.c:18
/home/wenda/ai_deck/uwb-aideck/BUILD/GAP8_V2/GCC_RISCV/test:1c0034b4 00000006 T semihost_exit	/home/wenda/ai_deck/gap_sdk/rtos/pmsis/pmsis_bsp/fs/host_fs/semihost.c:47
/home/wenda/ai_deck/uwb-aideck/BUILD/GAP8_V2/GCC_RISCV/test:1c003432 00000006 T semihost_write0	/home/wenda/ai_deck/gap_sdk/rtos/pmsis/pmsis_bsp/fs/host_fs/semihost.c:6
/home/wenda/ai_deck/uwb-aideck/BUILD/GAP8_V2/GCC_RISCV/test:1c007ad0 00000007 d SystemStateToSCUFastSeq	/home/wenda/ai_deck/gap_sdk/rtos/pulp/pulp-os/kernel/gap/pmu_driver.c:176
/home/wenda/ai_deck/uwb-aideck/BUILD/GAP8_V2/GCC_RISCV/test:1c007af0 00000008 D FllsFrequency
/home/wenda/ai_deck/uwb-aideck/BUILD/GAP8_V2/GCC_RISCV/test:1c0014f8 00000008 t pi_flash_read_async	/home/wenda/ai_deck/gap_sdk/rtos/pmsis/pmsis_bsp/include/bsp/flash.h:422
/home/wenda/ai_deck/uwb-aideck/BUILD/GAP8_V2/GCC_RISCV/test:1c001494 00000008 T pi_fs_close	/home/wenda/ai_deck/gap_sdk/rtos/pmsis/pmsis_bsp/fs/fs.c:80
/home/wenda/ai_deck/uwb-aideck/BUILD/GAP8_V2/GCC_RISCV/test:1c00148c 00000008 T pi_fs_open	/home/wenda/ai_deck/gap_sdk/rtos/pmsis/pmsis_bsp/fs/fs.c:74
/home/wenda/ai_deck/uwb-aideck/BUILD/GAP8_V2/GCC_RISCV/test:1c00149c 00000008 T pi_fs_read_async	/home/wenda/ai_deck/gap_sdk/rtos/pmsis/pmsis_bsp/fs/fs.c:85
/home/wenda/ai_deck/uwb-aideck/BUILD/GAP8_V2/GCC_RISCV/test:1c001484 00000008 T pi_fs_unmount	/home/wenda/ai_deck/gap_sdk/rtos/pmsis/pmsis_bsp/fs/fs.c:68
/home/wenda/ai_deck/uwb-aideck/BUILD/GAP8_V2/GCC_RISCV/test:1c0014ca 00000008 T pi_fs_write_async	/home/wenda/ai_deck/gap_sdk/rtos/pmsis/pmsis_bsp/fs/fs.c:98
/home/wenda/ai_deck/uwb-aideck/BUILD/GAP8_V2/GCC_RISCV/test:1c007fc4 00000008 B __rt_freq_domains
/home/wenda/ai_deck/uwb-aideck/BUILD/GAP8_V2/GCC_RISCV/test:1c0056b6 00000008 T __rt_hyper_resume_emu_task	/home/wenda/ai_deck/gap_sdk/rtos/pulp/pulp-os/drivers/hyper/hyperram-v1.c:980
/home/wenda/ai_deck/uwb-aideck/BUILD/GAP8_V2/GCC_RISCV/test:000002b0 00000008 D __rt_socevents_status
/home/wenda/ai_deck/uwb-aideck/BUILD/GAP8_V2/GCC_RISCV/test:1c007ee4 00000008 b __rt_spim_open_count	/home/wenda/ai_deck/gap_sdk/rtos/pulp/pulp-os/drivers_deprecated/spim/spim-v2.c:26
/home/wenda/ai_deck/uwb-aideck/BUILD/GAP8_V2/GCC_RISCV/test:1c00623a 0000000a T abort	/home/wenda/ai_deck/gap_sdk/rtos/pulp/pulp-os/libs/io/io.c:739
/home/wenda/ai_deck/uwb-aideck/BUILD/GAP8_V2/GCC_RISCV/test:1c0034f6 0000000a T bsp_hyperflash_conf_init	/home/wenda/ai_deck/gap_sdk/rtos/pmsis/pmsis_bsp/bsp/ai_deck.c:58
/home/wenda/ai_deck/uwb-aideck/BUILD/GAP8_V2/GCC_RISCV/test:1c0026d4 0000000a T pi_partition_get_flash_offset	/home/wenda/ai_deck/gap_sdk/rtos/pmsis/pmsis_bsp/partition/partition.c:38
/home/wenda/ai_deck/uwb-aideck/BUILD/GAP8_V2/GCC_RISCV/test:1c005a06 0000000a T rt_extern_alloc_deinit	/home/wenda/ai_deck/gap_sdk/rtos/pulp/pulp-os/kernel/alloc_extern.c:129
/home/wenda/ai_deck/uwb-aideck/BUILD/GAP8_V2/GCC_RISCV/test:1c005b2e 0000000a T __rt_himax_init	/home/wenda/ai_deck/gap_sdk/rtos/pulp/pulp-os/drivers_deprecated/camera/himax.c:400
/home/wenda/ai_deck/uwb-aideck/BUILD/GAP8_V2/GCC_RISCV/test:1c007be0 0000000c b flash	/home/wenda/ai_deck/uwb-aideck/test.c:43
/home/wenda/ai_deck/uwb-aideck/BUILD/GAP8_V2/GCC_RISCV/test:1c007c00 0000000c b gpio_device.14873
/home/wenda/ai_deck/uwb-aideck/BUILD/GAP8_V2/GCC_RISCV/test:1c001406 0000000c T pi_flash_open	/home/wenda/ai_deck/gap_sdk/rtos/pmsis/pmsis_bsp/flash/flash.c:24
/home/wenda/ai_deck/uwb-aideck/BUILD/GAP8_V2/GCC_RISCV/test:1c001b6e 0000000c t __pi_host_fs_mount	/home/wenda/ai_deck/gap_sdk/rtos/pmsis/pmsis_bsp/fs/host_fs/host_fs.c:34
/home/wenda/ai_deck/uwb-aideck/BUILD/GAP8_V2/GCC_RISCV/test:1c003f9c 0000000c T pi_l2_malloc	/home/wenda/ai_deck/gap_sdk/rtos/pulp/pulp-os/kernel/alloc.c:595
/home/wenda/ai_deck/uwb-aideck/BUILD/GAP8_V2/GCC_RISCV/test:00000004 0000000c D __rt_cluster_pool
/home/wenda/ai_deck/uwb-aideck/BUILD/GAP8_V2/GCC_RISCV/test:1c0059a2 0000000c T __rt_padframe_init	/home/wenda/ai_deck/gap_sdk/rtos/pulp/pulp-os/drivers_deprecated/pads/pads-v1.c:58
/home/wenda/ai_deck/uwb-aideck/BUILD/GAP8_V2/GCC_RISCV/test:1c007f9c 0000000c B uart	/home/wenda/ai_deck/uwb-aideck/test.c:38
/home/wenda/ai_deck/uwb-aideck/BUILD/GAP8_V2/GCC_RISCV/test:1c007f80 0000000d B image_name	/home/wenda/ai_deck/uwb-aideck/test.c:47
/home/wenda/ai_deck/uwb-aideck/BUILD/GAP8_V2/GCC_RISCV/test:1c003500 0000000e T bsp_hyperflash_open
/home/wenda/ai_deck/uwb-aideck/BUILD/GAP8_V2/GCC_RISCV/test:1c001d48 0000000e t hyperflash_ioctl	/home/wenda/ai_deck/gap_sdk/rtos/pmsis/pmsis_bsp/flash/hyperflash/hyperflash.c:209
/home/wenda/ai_deck/uwb-aideck/BUILD/GAP8_V2/GCC_RISCV/test:1c001e36 0000000e t hyperflash_set_reg_exec	/home/wenda/ai_deck/gap_sdk/rtos/pmsis/pmsis_bsp/flash/hyperflash/hyperflash.c:94
/home/wenda/ai_deck/uwb-aideck/BUILD/GAP8_V2/GCC_RISCV/test:1c003424 0000000e t __internal_semihost	/home/wenda/ai_deck/gap_sdk/rtos/pmsis/pmsis_bsp/fs/host_fs/semihost.h:75
/home/wenda/ai_deck/uwb-aideck/BUILD/GAP8_V2/GCC_RISCV/test:1c003fa8 0000000e T pi_l2_free	/home/wenda/ai_deck/gap_sdk/rtos/pulp/pulp-os/kernel/alloc.c:600
/home/wenda/ai_deck/uwb-aideck/BUILD/GAP8_V2/GCC_RISCV/test:1c005b6e 0000000e t __rt_io_end_of_flush	/home/wenda/ai_deck/gap_sdk/rtos/pulp/pulp-os/libs/io/io.c:366
/home/wenda/ai_deck/uwb-aideck/BUILD/GAP8_V2/GCC_RISCV/test:1c005f7a 00000010 T memset	/home/wenda/ai_deck/gap_sdk/rtos/pulp/pulp-os/libs/io/io.c:150
/home/wenda/ai_deck/uwb-aideck/BUILD/GAP8_V2/GCC_RISCV/test:1c004f9e 00000010 T pi_hyper_conf_init	/home/wenda/ai_deck/gap_sdk/rtos/pulp/pulp-os/drivers/hyper/hyperram-v1.c:200
/home/wenda/ai_deck/uwb-aideck/BUILD/GAP8_V2/GCC_RISCV/test:1c00153e 00000010 t __pi_read_fs_seek	/home/wenda/ai_deck/gap_sdk/rtos/pmsis/pmsis_bsp/fs/read_fs/read_fs.c:517
/home/wenda/ai_deck/uwb-aideck/BUILD/GAP8_V2/GCC_RISCV/test:1c007ad8 00000010 D PMUState
/home/wenda/ai_deck/uwb-aideck/BUILD/GAP8_V2/GCC_RISCV/test:1b000c0c 00000010 d __rt_io_fc_lock	/home/wenda/ai_deck/gap_sdk/rtos/pulp/pulp-os/libs/io/io.c:35
/home/wenda/ai_deck/uwb-aideck/BUILD/GAP8_V2/GCC_RISCV/test:1c007978 00000010 V __rt_padframe_default	/home/wenda/ai_deck/gap_sdk/rtos/pulp/pulp-os/drivers_deprecated/pads/pads-v1.c:28
/home/wenda/ai_deck/uwb-aideck/BUILD/GAP8_V2/GCC_RISCV/test:1c007988 00000010 V __rt_padframe_hyper	/home/wenda/ai_deck/gap_sdk/rtos/pulp/pulp-os/drivers_deprecated/pads/pads-v1.c:30
/home/wenda/ai_deck/uwb-aideck/BUILD/GAP8_V2/GCC_RISCV/test:1c007998 00000010 V __rt_padframe_hyper_gpio	/home/wenda/ai_deck/gap_sdk/rtos/pulp/pulp-os/drivers_deprecated/pads/pads-v1.c:32
/home/wenda/ai_deck/uwb-aideck/BUILD/GAP8_V2/GCC_RISCV/test:1c007eb0 00000010 b __rt_uart	/home/wenda/ai_deck/gap_sdk/rtos/pulp/pulp-os/drivers_deprecated/uart/uart.c:43
/home/wenda/ai_deck/uwb-aideck/BUILD/GAP8_V2/GCC_RISCV/test:1c00705e 00000010 T rt_uart_conf_init
/home/wenda/ai_deck/uwb-aideck/BUILD/GAP8_V2/GCC_RISCV/test:1c001446 00000012 T pi_fs_conf_init	/home/wenda/ai_deck/gap_sdk/rtos/pmsis/pmsis_bsp/fs/fs.c:26
/home/wenda/ai_deck/uwb-aideck/BUILD/GAP8_V2/GCC_RISCV/test:1c003dc6 00000012 T __rt_event_sched_init	/home/wenda/ai_deck/gap_sdk/rtos/pulp/pulp-os/kernel/events.c:264
/home/wenda/ai_deck/uwb-aideck/BUILD/GAP8_V2/GCC_RISCV/test:1c0048a0 00000012 T __rt_fll_init	/home/wenda/ai_deck/gap_sdk/rtos/pulp/pulp-os/kernel/gap/pmu_driver.c:871
/home/wenda/ai_deck/uwb-aideck/BUILD/GAP8_V2/GCC_RISCV/test:1c005b38 00000012 T __rt_i2c_init	/home/wenda/ai_deck/gap_sdk/rtos/pulp/pulp-os/drivers_deprecated/i2c/i2c-v2.c:236
/home/wenda/ai_deck/uwb-aideck/BUILD/GAP8_V2/GCC_RISCV/test:1c005b4a 00000012 T __rt_rtc_init	/home/wenda/ai_deck/gap_sdk/rtos/pulp/pulp-os/drivers_deprecated/dolphin/rtc.c:414
/home/wenda/ai_deck/uwb-aideck/BUILD/GAP8_V2/GCC_RISCV/test:1c005b5c 00000012 T __rt_spim_init	/home/wenda/ai_deck/gap_sdk/rtos/pulp/pulp-os/drivers_deprecated/spim/spim-v2.c:446
/home/wenda/ai_deck/uwb-aideck/BUILD/GAP8_V2/GCC_RISCV/test:1c007bec 00000014 b flash_conf.14875
/home/wenda/ai_deck/uwb-aideck/BUILD/GAP8_V2/GCC_RISCV/test:1c004edc 00000014 t l2_memcpy	/home/wenda/ai_deck/gap_sdk/rtos/pulp/pulp-os/drivers/hyper/hyperram-v1.c:897
/home/wenda/ai_deck/uwb-aideck/BUILD/GAP8_V2/GCC_RISCV/test:0000001c 00000014 D __rt_sched
/home/wenda/ai_deck/uwb-aideck/BUILD/GAP8_V2/GCC_RISCV/test:1c0034a0 00000014 T semihost_seek	/home/wenda/ai_deck/gap_sdk/rtos/pmsis/pmsis_bsp/fs/host_fs/semihost.c:36
/home/wenda/ai_deck/uwb-aideck/BUILD/GAP8_V2/GCC_RISCV/test:1c005f30 00000014 T strcmp	/home/wenda/ai_deck/gap_sdk/rtos/pulp/pulp-os/libs/io/io.c:97
/home/wenda/ai_deck/uwb-aideck/BUILD/GAP8_V2/GCC_RISCV/test:1c0052a6 00000016 T pi_hyper_read_async	/home/wenda/ai_deck/gap_sdk/rtos/pulp/pulp-os/drivers/hyper/hyperram-v1.c:380
/home/wenda/ai_deck/uwb-aideck/BUILD/GAP8_V2/GCC_RISCV/test:1c005f64 00000016 T strlen	/home/wenda/ai_deck/gap_sdk/rtos/pulp/pulp-os/libs/io/io.c:124
/home/wenda/ai_deck/uwb-aideck/BUILD/GAP8_V2/GCC_RISCV/test:1c007a90 00000018 d buff_packet	/home/wenda/ai_deck/uwb-aideck/test.c:34
/home/wenda/ai_deck/uwb-aideck/BUILD/GAP8_V2/GCC_RISCV/test:1b000bf0 00000018 d cbsys_first	/home/wenda/ai_deck/gap_sdk/rtos/pulp/pulp-os/kernel/utils.c:30
/home/wenda/ai_deck/uwb-aideck/BUILD/GAP8_V2/GCC_RISCV/test:1c001e1e 00000018 t hyperflash_copy_2d_async
/home/wenda/ai_deck/uwb-aideck/BUILD/GAP8_V2/GCC_RISCV/test:1c0022bc 00000018 t hyperflash_copy_async	/home/wenda/ai_deck/gap_sdk/rtos/pmsis/pmsis_bsp/flash/hyperflash/hyperflash.c:722
/home/wenda/ai_deck/uwb-aideck/BUILD/GAP8_V2/GCC_RISCV/test:1c00569e 00000018 T pi_hyper_read_2d_async	/home/wenda/ai_deck/gap_sdk/rtos/pulp/pulp-os/drivers/hyper/hyperram-v1.c:420
/home/wenda/ai_deck/uwb-aideck/BUILD/GAP8_V2/GCC_RISCV/test:1c0052de 00000018 T pi_hyper_write_async	/home/wenda/ai_deck/gap_sdk/rtos/pulp/pulp-os/drivers/hyper/hyperram-v1.c:400
/home/wenda/ai_deck/uwb-aideck/BUILD/GAP8_V2/GCC_RISCV/test:1c0015a6 00000018 t __pi_read_fs_copy_2d_async	/home/wenda/ai_deck/gap_sdk/rtos/pmsis/pmsis_bsp/fs/read_fs/read_fs.c:657
/home/wenda/ai_deck/uwb-aideck/BUILD/GAP8_V2/GCC_RISCV/test:1c00158e 00000018 t __pi_read_fs_copy_async	/home/wenda/ai_deck/gap_sdk/rtos/pmsis/pmsis_bsp/fs/read_fs/read_fs.c:648
/home/wenda/ai_deck/uwb-aideck/BUILD/GAP8_V2/GCC_RISCV/test:1c003dae 00000018 T rt_event_wait	/home/wenda/ai_deck/gap_sdk/rtos/pulp/pulp-os/kernel/events.c:257
/home/wenda/ai_deck/uwb-aideck/BUILD/GAP8_V2/GCC_RISCV/test:1c0079a8 00000018 V __rt_padframe_profiles
/home/wenda/ai_deck/uwb-aideck/BUILD/GAP8_V2/GCC_RISCV/test:1c003fb6 00000018 t __rt_time_poweroff	/home/wenda/ai_deck/gap_sdk/rtos/pulp/pulp-os/kernel/time.c:28
/home/wenda/ai_deck/uwb-aideck/BUILD/GAP8_V2/GCC_RISCV/test:1c003fce 00000018 t __rt_time_poweron	/home/wenda/ai_deck/gap_sdk/rtos/pulp/pulp-os/kernel/time.c:37
/home/wenda/ai_deck/uwb-aideck/BUILD/GAP8_V2/GCC_RISCV/test:1c005a10 00000018 T __rt_udma_channel_init	/home/wenda/ai_deck/gap_sdk/rtos/pulp/pulp-os/drivers/udma/udma-v2.c:89
/home/wenda/ai_deck/uwb-aideck/BUILD/GAP8_V2/GCC_RISCV/test:1c003c34 00000018 T __rt_wait_event_prepare_blocking	/home/wenda/ai_deck/gap_sdk/rtos/pulp/pulp-os/kernel/events.c:42
/home/wenda/ai_deck/uwb-aideck/BUILD/GAP8_V2/GCC_RISCV/test:1c00614c 0000001a T fputc_locked
/home/wenda/ai_deck/uwb-aideck/BUILD/GAP8_V2/GCC_RISCV/test:1c0010d4 0000001a T main	/home/wenda/ai_deck/uwb-aideck/test.c:263
/home/wenda/ai_deck/uwb-aideck/BUILD/GAP8_V2/GCC_RISCV/test:1c003cc0 0000001a T rt_event_get	/home/wenda/ai_deck/gap_sdk/rtos/pulp/pulp-os/kernel/events.c:105
/home/wenda/ai_deck/uwb-aideck/BUILD/GAP8_V2/GCC_RISCV/test:1c005fc0 0000001a T strchr	/home/wenda/ai_deck/gap_sdk/rtos/pulp/pulp-os/libs/io/io.c:278
/home/wenda/ai_deck/uwb-aideck/BUILD/GAP8_V2/GCC_RISCV/test:1c007aa8 0000001c d buff_uart_rcv	/home/wenda/ai_deck/uwb-aideck/test.c:33
/home/wenda/ai_deck/uwb-aideck/BUILD/GAP8_V2/GCC_RISCV/test:1c001cb4 0000001c t __pi_host_fs_close	/home/wenda/ai_deck/gap_sdk/rtos/pmsis/pmsis_bsp/fs/host_fs/host_fs.c:67
/home/wenda/ai_deck/uwb-aideck/BUILD/GAP8_V2/GCC_RISCV/test:1c001d2c 0000001c t __rt_event_enqueue	/home/wenda/ai_deck/gap_sdk/install/GAP8_V2/include/rt/rt_event.h:397
/home/wenda/ai_deck/uwb-aideck/BUILD/GAP8_V2/GCC_RISCV/test:1c003996 0000001c t __rt_event_enqueue	/home/wenda/ai_deck/gap_sdk/install/GAP8_V2/include/rt/rt_event.h:397
/home/wenda/ai_deck/uwb-aideck/BUILD/GAP8_V2/GCC_RISCV/test:1c003468 0000001c T semihost_read	/home/wenda/ai_deck/gap_sdk/rtos/pmsis/pmsis_bsp/fs/host_fs/semihost.c:24
/home/wenda/ai_deck/uwb-aideck/BUILD/GAP8_V2/GCC_RISCV/test:1c003484 0000001c T semihost_write	/home/wenda/ai_deck/gap_sdk/rtos/pmsis/pmsis_bsp/fs/host_fs/semihost.c:30
/home/wenda/ai_deck/uwb-aideck/BUILD/GAP8_V2/GCC_RISCV/test:1c0022d4 0000001e t hyperflash_close	/home/wenda/ai_deck/gap_sdk/rtos/pmsis/pmsis_bsp/flash/hyperflash/hyperflash.c:200
/home/wenda/ai_deck/uwb-aideck/BUILD/GAP8_V2/GCC_RISCV/test:1c004ebe 0000001e T pi_pad_init	/home/wenda/ai_deck/gap_sdk/rtos/pulp/pulp-os/drivers/pads/pads-v1.c:31
/home/wenda/ai_deck/uwb-aideck/BUILD/GAP8_V2/GCC_RISCV/test:1c003b12 0000001e T __rt_bridge_clear_notif	/home/wenda/ai_deck/gap_sdk/rtos/pulp/pulp-os/kernel/bridge.c:838
/home/wenda/ai_deck/uwb-aideck/BUILD/GAP8_V2/GCC_RISCV/test:1c003ad4 0000001e T __rt_bridge_set_available	/home/wenda/ai_deck/gap_sdk/rtos/pulp/pulp-os/kernel/bridge.c:725
/home/wenda/ai_deck/uwb-aideck/BUILD/GAP8_V2/GCC_RISCV/test:1c006ec2 0000001e t sprintf_out
/home/wenda/ai_deck/uwb-aideck/BUILD/GAP8_V2/GCC_RISCV/test:1c0025ba 00000020 t hyperflash_erase	/home/wenda/ai_deck/gap_sdk/rtos/pmsis/pmsis_bsp/flash/hyperflash/hyperflash.c:777
/home/wenda/ai_deck/uwb-aideck/BUILD/GAP8_V2/GCC_RISCV/test:1c002484 00000020 t hyperflash_program	/home/wenda/ai_deck/gap_sdk/rtos/pmsis/pmsis_bsp/flash/hyperflash/hyperflash.c:753
/home/wenda/ai_deck/uwb-aideck/BUILD/GAP8_V2/GCC_RISCV/test:1c002444 00000020 t hyperflash_reg_get	/home/wenda/ai_deck/gap_sdk/rtos/pmsis/pmsis_bsp/flash/hyperflash/hyperflash.c:794
/home/wenda/ai_deck/uwb-aideck/BUILD/GAP8_V2/GCC_RISCV/test:1c002464 00000020 t hyperflash_reg_set	/home/wenda/ai_deck/gap_sdk/rtos/pmsis/pmsis_bsp/flash/hyperflash/hyperflash.c:786
/home/wenda/ai_deck/uwb-aideck/BUILD/GAP8_V2/GCC_RISCV/test:1c006374 00000020 t _rlrshift	/home/wenda/ai_deck/gap_sdk/rtos/pulp/pulp-os/libs/io/prf.c:122
/home/wenda/ai_deck/uwb-aideck/BUILD/GAP8_V2/GCC_RISCV/test:1c0039b2 00000020 t __rt_bridge_check_bridge_req.part.5	/home/wenda/ai_deck/gap_sdk/rtos/pulp/pulp-os/kernel/bridge.c:638
/home/wenda/ai_deck/uwb-aideck/BUILD/GAP8_V2/GCC_RISCV/test:1c003af2 00000020 T __rt_bridge_send_notif	/home/wenda/ai_deck/gap_sdk/rtos/pulp/pulp-os/kernel/bridge.c:821
/home/wenda/ai_deck/uwb-aideck/BUILD/GAP8_V2/GCC_RISCV/test:1c005c68 00000020 t rt_event_execute.isra.4.constprop.12	/home/wenda/ai_deck/gap_sdk/rtos/pulp/pulp-os/libs/io/io.c:795
/home/wenda/ai_deck/uwb-aideck/BUILD/GAP8_V2/GCC_RISCV/test:1c007b40 00000020 d __rt_i2c	/home/wenda/ai_deck/gap_sdk/rtos/pulp/pulp-os/drivers_deprecated/i2c/i2c-v2.c:28
/home/wenda/ai_deck/uwb-aideck/BUILD/GAP8_V2/GCC_RISCV/test:1c003dda 00000020 T rt_user_alloc_init	/home/wenda/ai_deck/gap_sdk/rtos/pulp/pulp-os/kernel/alloc.c:193
/home/wenda/ai_deck/uwb-aideck/BUILD/GAP8_V2/GCC_RISCV/test:1c005f44 00000020 T strncmp	/home/wenda/ai_deck/gap_sdk/rtos/pulp/pulp-os/libs/io/io.c:108
/home/wenda/ai_deck/uwb-aideck/BUILD/GAP8_V2/GCC_RISCV/test:1c002400 00000022 t hyperflash_erase_chip	/home/wenda/ai_deck/gap_sdk/rtos/pmsis/pmsis_bsp/flash/hyperflash/hyperflash.c:761
/home/wenda/ai_deck/uwb-aideck/BUILD/GAP8_V2/GCC_RISCV/test:1c0023de 00000022 t hyperflash_erase_sector	/home/wenda/ai_deck/gap_sdk/rtos/pmsis/pmsis_bsp/flash/hyperflash/hyperflash.c:769
/home/wenda/ai_deck/uwb-aideck/BUILD/GAP8_V2/GCC_RISCV/test:1c002422 00000022 t hyperflash_read	/home/wenda/ai_deck/gap_sdk/rtos/pmsis/pmsis_bsp/flash/hyperflash/hyperflash.c:744
/home/wenda/ai_deck/uwb-aideck/BUILD/GAP8_V2/GCC_RISCV/test:1c0052bc 00000022 T pi_hyper_read	/home/wenda/ai_deck/gap_sdk/rtos/pulp/pulp-os/drivers/hyper/hyperram-v1.c:390
/home/wenda/ai_deck/uwb-aideck/BUILD/GAP8_V2/GCC_RISCV/test:1c0052f6 00000022 T pi_hyper_write	/home/wenda/ai_deck/gap_sdk/rtos/pulp/pulp-os/drivers/hyper/hyperram-v1.c:411
/home/wenda/ai_deck/uwb-aideck/BUILD/GAP8_V2/GCC_RISCV/test:1c003ee8 00000022 T __rt_alloc_init_l1	/home/wenda/ai_deck/gap_sdk/rtos/pulp/pulp-os/kernel/alloc.c:445
/home/wenda/ai_deck/uwb-aideck/BUILD/GAP8_V2/GCC_RISCV/test:1c003cda 00000022 T rt_event_get_blocking	/home/wenda/ai_deck/gap_sdk/rtos/pulp/pulp-os/kernel/events.c:127
/home/wenda/ai_deck/uwb-aideck/BUILD/GAP8_V2/GCC_RISCV/test:1c004060 00000022 T rt_time_wait_us	/home/wenda/ai_deck/gap_sdk/rtos/pulp/pulp-os/kernel/time.c:124
/home/wenda/ai_deck/uwb-aideck/BUILD/GAP8_V2/GCC_RISCV/test:1c005878 00000022 t __rt_uart_setfreq_after	/home/wenda/ai_deck/gap_sdk/rtos/pulp/pulp-os/drivers/uart/uart.c:312
/home/wenda/ai_deck/uwb-aideck/BUILD/GAP8_V2/GCC_RISCV/test:1c006f66 00000022 t __rt_uart_setfreq_after	/home/wenda/ai_deck/gap_sdk/rtos/pulp/pulp-os/drivers_deprecated/uart/uart.c:135
/home/wenda/ai_deck/uwb-aideck/BUILD/GAP8_V2/GCC_RISCV/test:1c0038a0 00000022 T __rt_utils_init	/home/wenda/ai_deck/gap_sdk/rtos/pulp/pulp-os/kernel/utils.c:84
/home/wenda/ai_deck/uwb-aideck/BUILD/GAP8_V2/GCC_RISCV/test:1c0028b8 00000024 T flash_partition_table_free	/home/wenda/ai_deck/gap_sdk/rtos/pmsis/pmsis_bsp/partition/flash_partition.c:221
/home/wenda/ai_deck/uwb-aideck/BUILD/GAP8_V2/GCC_RISCV/test:1c001c4c 00000024 t __pi_host_fs_read_async	/home/wenda/ai_deck/gap_sdk/rtos/pmsis/pmsis_bsp/fs/host_fs/host_fs.c:74
/home/wenda/ai_deck/uwb-aideck/BUILD/GAP8_V2/GCC_RISCV/test:1c0015be 00000024 t rt_event_enqueue	/home/wenda/ai_deck/gap_sdk/install/GAP8_V2/include/rt/rt_event.h:411
/home/wenda/ai_deck/uwb-aideck/BUILD/GAP8_V2/GCC_RISCV/test:1c001b7c 00000024 t rt_event_enqueue	/home/wenda/ai_deck/gap_sdk/install/GAP8_V2/include/rt/rt_event.h:411
/home/wenda/ai_deck/uwb-aideck/BUILD/GAP8_V2/GCC_RISCV/test:1c004ef0 00000024 t rt_event_enqueue	/home/wenda/ai_deck/gap_sdk/install/GAP8_V2/include/rt/rt_event.h:411
/home/wenda/ai_deck/uwb-aideck/BUILD/GAP8_V2/GCC_RISCV/test:1c003cfc 00000024 T rt_event_push	/home/wenda/ai_deck/gap_sdk/rtos/pulp/pulp-os/kernel/events.c:139
/home/wenda/ai_deck/uwb-aideck/BUILD/GAP8_V2/GCC_RISCV/test:1c006f42 00000024 t __rt_uart_setup.isra.5	/home/wenda/ai_deck/gap_sdk/rtos/pulp/pulp-os/drivers_deprecated/uart/uart.c:222
/home/wenda/ai_deck/uwb-aideck/BUILD/GAP8_V2/GCC_RISCV/test:1c00350e 00000026 t cluster_start	/home/wenda/ai_deck/gap_sdk/rtos/pulp/pulp-os/kernel/init.c:198
/home/wenda/ai_deck/uwb-aideck/BUILD/GAP8_V2/GCC_RISCV/test:1c0014a4 00000026 T pi_fs_read	/home/wenda/ai_deck/gap_sdk/rtos/pmsis/pmsis_bsp/fs/fs.c:90
/home/wenda/ai_deck/uwb-aideck/BUILD/GAP8_V2/GCC_RISCV/test:1c0014d2 00000026 T pi_fs_write	/home/wenda/ai_deck/gap_sdk/rtos/pmsis/pmsis_bsp/fs/fs.c:103
/home/wenda/ai_deck/uwb-aideck/BUILD/GAP8_V2/GCC_RISCV/test:1c006f1c 00000026 T __rt_uart_cluster_req_done	/home/wenda/ai_deck/gap_sdk/rtos/pulp/pulp-os/drivers_deprecated/uart/uart.c:253
/home/wenda/ai_deck/uwb-aideck/BUILD/GAP8_V2/GCC_RISCV/test:1c00449e 00000026 t soc_eu_fcEventMask_setEvent	/home/wenda/ai_deck/gap_sdk/install/GAP8_V2/include/hal/soc_eu/soc_eu_v1.h:60
/home/wenda/ai_deck/uwb-aideck/BUILD/GAP8_V2/GCC_RISCV/test:1c007038 00000026 t soc_eu_fcEventMask_setEvent	/home/wenda/ai_deck/gap_sdk/install/GAP8_V2/include/hal/soc_eu/soc_eu_v1.h:60
/home/wenda/ai_deck/uwb-aideck/BUILD/GAP8_V2/GCC_RISCV/test:1c0078fc 00000028 D __pi_host_fs_api
/home/wenda/ai_deck/uwb-aideck/BUILD/GAP8_V2/GCC_RISCV/test:1c001c24 00000028 t __pi_host_fs_write_async	/home/wenda/ai_deck/gap_sdk/rtos/pmsis/pmsis_bsp/fs/host_fs/host_fs.c:100
/home/wenda/ai_deck/uwb-aideck/BUILD/GAP8_V2/GCC_RISCV/test:1c0026ac 00000028 T pi_hyperflash_conf_init	/home/wenda/ai_deck/gap_sdk/rtos/pmsis/pmsis_bsp/flash/hyperflash/hyperflash.c:848
/home/wenda/ai_deck/uwb-aideck/BUILD/GAP8_V2/GCC_RISCV/test:1c0078d4 00000028 D __pi_read_fs_api
/home/wenda/ai_deck/uwb-aideck/BUILD/GAP8_V2/GCC_RISCV/test:1c005a28 00000028 t __pos_pwm_init	/home/wenda/ai_deck/gap_sdk/rtos/pulp/pulp-os/drivers/pwm/pwm-v1.c:185
/home/wenda/ai_deck/uwb-aideck/BUILD/GAP8_V2/GCC_RISCV/test:1c00619c 00000028 T _prf_locked	/home/wenda/ai_deck/gap_sdk/rtos/pulp/pulp-os/libs/io/io.c:626
/home/wenda/ai_deck/uwb-aideck/BUILD/GAP8_V2/GCC_RISCV/test:1c003f0a 00000028 T __rt_alloc_init_l1_for_fc	/home/wenda/ai_deck/gap_sdk/rtos/pulp/pulp-os/kernel/alloc.c:452
/home/wenda/ai_deck/uwb-aideck/BUILD/GAP8_V2/GCC_RISCV/test:1c00369a 00000028 T __rt_deinit	/home/wenda/ai_deck/gap_sdk/rtos/pulp/pulp-os/kernel/init.c:163
/home/wenda/ai_deck/uwb-aideck/BUILD/GAP8_V2/GCC_RISCV/test:1c003c0c 00000028 T __rt_event_init	/home/wenda/ai_deck/gap_sdk/rtos/pulp/pulp-os/kernel/events.c:32
/home/wenda/ai_deck/uwb-aideck/BUILD/GAP8_V2/GCC_RISCV/test:1c007fd4 00000028 B __rt_fc_cluster_data
/home/wenda/ai_deck/uwb-aideck/BUILD/GAP8_V2/GCC_RISCV/test:1c005f08 00000028 t __rt_io_stop	/home/wenda/ai_deck/gap_sdk/rtos/pulp/pulp-os/libs/io/io.c:769
/home/wenda/ai_deck/uwb-aideck/BUILD/GAP8_V2/GCC_RISCV/test:1c00597a 00000028 T rt_padframe_set	/home/wenda/ai_deck/gap_sdk/rtos/pulp/pulp-os/drivers_deprecated/pads/pads-v1.c:77
/home/wenda/ai_deck/uwb-aideck/BUILD/GAP8_V2/GCC_RISCV/test:000002b8 00000028 D __rt_udma_extra_callback
/home/wenda/ai_deck/uwb-aideck/BUILD/GAP8_V2/GCC_RISCV/test:000002e0 00000028 D __rt_udma_extra_callback_arg
/home/wenda/ai_deck/uwb-aideck/BUILD/GAP8_V2/GCC_RISCV/test:1c0024a4 0000002a t hyperflash_copy	/home/wenda/ai_deck/gap_sdk/rtos/pmsis/pmsis_bsp/flash/hyperflash/hyperflash.c:802
/home/wenda/ai_deck/uwb-aideck/BUILD/GAP8_V2/GCC_RISCV/test:1c0023b4 0000002a t hyperflash_copy_2d	/home/wenda/ai_deck/gap_sdk/rtos/pmsis/pmsis_bsp/flash/hyperflash/hyperflash.c:812
/home/wenda/ai_deck/uwb-aideck/BUILD/GAP8_V2/GCC_RISCV/test:1c005a84 0000002a t __rt_i2s_setfreq_after	/home/wenda/ai_deck/gap_sdk/rtos/pulp/pulp-os/drivers_deprecated/i2s/i2s-v1.c:235
/home/wenda/ai_deck/uwb-aideck/BUILD/GAP8_V2/GCC_RISCV/test:1c003d84 0000002a T __rt_wait_event	/home/wenda/ai_deck/gap_sdk/rtos/pulp/pulp-os/kernel/events.c:247
/home/wenda/ai_deck/uwb-aideck/BUILD/GAP8_V2/GCC_RISCV/test:1c003438 0000002a T semihost_open	/home/wenda/ai_deck/gap_sdk/rtos/pmsis/pmsis_bsp/fs/host_fs/semihost.c:11
/home/wenda/ai_deck/uwb-aideck/BUILD/GAP8_V2/GCC_RISCV/test:1c001458 0000002c T pi_fs_mount	/home/wenda/ai_deck/gap_sdk/rtos/pmsis/pmsis_bsp/fs/fs.c:40
/home/wenda/ai_deck/uwb-aideck/BUILD/GAP8_V2/GCC_RISCV/test:1c004f72 0000002c T __pi_hyper_pin_reset_settings	/home/wenda/ai_deck/gap_sdk/rtos/pulp/pulp-os/drivers/hyper/hyperram-v1.c:189
/home/wenda/ai_deck/uwb-aideck/BUILD/GAP8_V2/GCC_RISCV/test:1c004f46 0000002c T __pi_hyper_pin_settings	/home/wenda/ai_deck/gap_sdk/rtos/pulp/pulp-os/drivers/hyper/hyperram-v1.c:181
/home/wenda/ai_deck/uwb-aideck/BUILD/GAP8_V2/GCC_RISCV/test:1c0062b6 0000002c T printf	/home/wenda/ai_deck/gap_sdk/rtos/pulp/pulp-os/libs/io/fprintf.c:41
/home/wenda/ai_deck/uwb-aideck/BUILD/GAP8_V2/GCC_RISCV/test:1c006120 0000002c T puts	/home/wenda/ai_deck/gap_sdk/rtos/pulp/pulp-os/libs/io/io.c:576
/home/wenda/ai_deck/uwb-aideck/BUILD/GAP8_V2/GCC_RISCV/test:1c003ebc 0000002c T rt_free
/home/wenda/ai_deck/uwb-aideck/BUILD/GAP8_V2/GCC_RISCV/test:1c005aae 0000002c t __rt_i2s_setfreq_before	/home/wenda/ai_deck/gap_sdk/rtos/pulp/pulp-os/drivers_deprecated/i2s/i2s-v1.c:219
/home/wenda/ai_deck/uwb-aideck/BUILD/GAP8_V2/GCC_RISCV/test:1c007c94 0000002c b __rt_pulpos_emu_global_cluster_task	/home/wenda/ai_deck/gap_sdk/rtos/pulp/pulp-os/kernel/pulpos_emu.c:26
/home/wenda/ai_deck/uwb-aideck/BUILD/GAP8_V2/GCC_RISCV/test:1c0058dc 0000002c t __rt_uart_setfreq_before	/home/wenda/ai_deck/gap_sdk/rtos/pulp/pulp-os/drivers/uart/uart.c:279
/home/wenda/ai_deck/uwb-aideck/BUILD/GAP8_V2/GCC_RISCV/test:1c006fca 0000002c t __rt_uart_setfreq_before	/home/wenda/ai_deck/gap_sdk/rtos/pulp/pulp-os/drivers_deprecated/uart/uart.c:102
/home/wenda/ai_deck/uwb-aideck/BUILD/GAP8_V2/GCC_RISCV/test:1c004472 0000002c t SetFllMultDivFactors
/home/wenda/ai_deck/uwb-aideck/BUILD/GAP8_V2/GCC_RISCV/test:1c003e8e 0000002e T rt_alloc
/home/wenda/ai_deck/uwb-aideck/BUILD/GAP8_V2/GCC_RISCV/test:1c0056c2 0000002e t __rt_hyper_init	/home/wenda/ai_deck/gap_sdk/rtos/pulp/pulp-os/drivers/hyper/hyperram-v1.c:995
/home/wenda/ai_deck/uwb-aideck/BUILD/GAP8_V2/GCC_RISCV/test:1c006166 00000030 T fputc	/home/wenda/ai_deck/gap_sdk/rtos/pulp/pulp-os/libs/io/io.c:603
/home/wenda/ai_deck/uwb-aideck/BUILD/GAP8_V2/GCC_RISCV/test:1c0025da 00000030 t hyperflash_get_status_reg	/home/wenda/ai_deck/gap_sdk/rtos/pmsis/pmsis_bsp/flash/hyperflash/hyperflash.c:144
/home/wenda/ai_deck/uwb-aideck/BUILD/GAP8_V2/GCC_RISCV/test:1c003870 00000030 T __rt_cbsys_exec	/home/wenda/ai_deck/gap_sdk/rtos/pulp/pulp-os/kernel/utils.c:71
/home/wenda/ai_deck/uwb-aideck/BUILD/GAP8_V2/GCC_RISCV/test:1c00321e 00000032 T MD5_Init	/home/wenda/ai_deck/gap_sdk/rtos/pmsis/pmsis_bsp/crc/md5.c:207
/home/wenda/ai_deck/uwb-aideck/BUILD/GAP8_V2/GCC_RISCV/test:1c004b8a 00000032 T pi_cluster_close	/home/wenda/ai_deck/gap_sdk/rtos/pulp/pulp-os/kernel/cluster.c:370
/home/wenda/ai_deck/uwb-aideck/BUILD/GAP8_V2/GCC_RISCV/test:1c005776 00000032 T pi_gpio_pin_write	/home/wenda/ai_deck/gap_sdk/rtos/pulp/pulp-os/drivers/gpio/gpio-v2.c:158
/home/wenda/ai_deck/uwb-aideck/BUILD/GAP8_V2/GCC_RISCV/test:1c001414 00000032 t pi_task_wait_on.isra.3	/home/wenda/ai_deck/gap_sdk/install/GAP8_V2/include/pmsis/implem/implem.h:70
/home/wenda/ai_deck/uwb-aideck/BUILD/GAP8_V2/GCC_RISCV/test:1c002382 00000032 t pi_task_wait_on.isra.3	/home/wenda/ai_deck/gap_sdk/install/GAP8_V2/include/pmsis/implem/implem.h:70
/home/wenda/ai_deck/uwb-aideck/BUILD/GAP8_V2/GCC_RISCV/test:1c004f14 00000032 t pi_task_wait_on.isra.4	/home/wenda/ai_deck/gap_sdk/rtos/pulp/pulp-os/drivers/hyper/hyperram-v1.c:1039
/home/wenda/ai_deck/uwb-aideck/BUILD/GAP8_V2/GCC_RISCV/test:1c0038c2 00000032 T __rt_fc_lock	/home/wenda/ai_deck/gap_sdk/rtos/pulp/pulp-os/kernel/utils.c:92
/home/wenda/ai_deck/uwb-aideck/BUILD/GAP8_V2/GCC_RISCV/test:000003a8 00000034 D dev_rtc	/home/wenda/ai_deck/gap_sdk/rtos/pulp/pulp-os/drivers_deprecated/dolphin/rtc.c:24
/home/wenda/ai_deck/uwb-aideck/BUILD/GAP8_V2/GCC_RISCV/test:1c0063d8 00000034 t _get_digit	/home/wenda/ai_deck/gap_sdk/rtos/pulp/pulp-os/libs/io/prf.c:167
/home/wenda/ai_deck/uwb-aideck/BUILD/GAP8_V2/GCC_RISCV/test:1c007798 00000034 r __hyper_pad	/home/wenda/ai_deck/gap_sdk/rtos/pulp/pulp-os/drivers/hyper/hyperram-v1.c:164
/home/wenda/ai_deck/uwb-aideck/BUILD/GAP8_V2/GCC_RISCV/test:1c004e8a 00000034 T pi_pad_set_function	/home/wenda/ai_deck/gap_sdk/rtos/pulp/pulp-os/drivers/pads/pads-v1.c:24
/home/wenda/ai_deck/uwb-aideck/BUILD/GAP8_V2/GCC_RISCV/test:1c003bd8 00000034 T __rt_bridge_init	/home/wenda/ai_deck/gap_sdk/rtos/pulp/pulp-os/kernel/bridge.c:851
/home/wenda/ai_deck/uwb-aideck/BUILD/GAP8_V2/GCC_RISCV/test:1c0038f4 00000034 T __rt_fc_unlock	/home/wenda/ai_deck/gap_sdk/rtos/pulp/pulp-os/kernel/utils.c:127
/home/wenda/ai_deck/uwb-aideck/BUILD/GAP8_V2/GCC_RISCV/test:1c005a50 00000034 t __rt_i2s_resume	/home/wenda/ai_deck/gap_sdk/rtos/pulp/pulp-os/drivers_deprecated/i2s/i2s-v1.c:186
/home/wenda/ai_deck/uwb-aideck/BUILD/GAP8_V2/GCC_RISCV/test:1c005cf8 00000034 t __rt_putc_host_cluster_req	/home/wenda/ai_deck/gap_sdk/rtos/pulp/pulp-os/libs/io/io.c:451
/home/wenda/ai_deck/uwb-aideck/BUILD/GAP8_V2/GCC_RISCV/test:1c00714a 00000034 T rt_uart_cluster_write	/home/wenda/ai_deck/gap_sdk/rtos/pulp/pulp-os/drivers_deprecated/uart/uart.c:277
/home/wenda/ai_deck/uwb-aideck/BUILD/GAP8_V2/GCC_RISCV/test:1c005f8a 00000036 T memcpy	/home/wenda/ai_deck/gap_sdk/rtos/pulp/pulp-os/libs/io/io.c:159
/home/wenda/ai_deck/uwb-aideck/BUILD/GAP8_V2/GCC_RISCV/test:1c0057f8 00000036 T pi_gpio_pin_configure	/home/wenda/ai_deck/gap_sdk/rtos/pulp/pulp-os/drivers/gpio/gpio-v2.c:146
/home/wenda/ai_deck/uwb-aideck/BUILD/GAP8_V2/GCC_RISCV/test:1c003960 00000036 T __rt_fc_cluster_unlock	/home/wenda/ai_deck/gap_sdk/rtos/pulp/pulp-os/kernel/utils.c:199
/home/wenda/ai_deck/uwb-aideck/BUILD/GAP8_V2/GCC_RISCV/test:1c0015e2 00000038 t __pi_fs_free	/home/wenda/ai_deck/gap_sdk/rtos/pmsis/pmsis_bsp/fs/read_fs/read_fs.c:122
/home/wenda/ai_deck/uwb-aideck/BUILD/GAP8_V2/GCC_RISCV/test:1c003928 00000038 T __rt_fc_cluster_lock	/home/wenda/ai_deck/gap_sdk/rtos/pulp/pulp-os/kernel/utils.c:189
/home/wenda/ai_deck/uwb-aideck/BUILD/GAP8_V2/GCC_RISCV/test:1c003b30 0000003a T __rt_bridge_printf_flush
/home/wenda/ai_deck/uwb-aideck/BUILD/GAP8_V2/GCC_RISCV/test:1c0034ba 0000003c t __bsp_init_pads
/home/wenda/ai_deck/uwb-aideck/BUILD/GAP8_V2/GCC_RISCV/test:1c004c2c 0000003c T __rt_cluster_new	/home/wenda/ai_deck/gap_sdk/rtos/pulp/pulp-os/kernel/cluster.c:445
/home/wenda/ai_deck/uwb-aideck/BUILD/GAP8_V2/GCC_RISCV/test:1c004c68 0000003c t __rt_cluster_pulpos_emu_init	/home/wenda/ai_deck/gap_sdk/rtos/pulp/pulp-os/kernel/pulpos_emu.c:29
/home/wenda/ai_deck/uwb-aideck/BUILD/GAP8_V2/GCC_RISCV/test:1c006038 0000003c T __rt_putc_uart	/home/wenda/ai_deck/gap_sdk/rtos/pulp/pulp-os/libs/io/io.c:412
/home/wenda/ai_deck/uwb-aideck/BUILD/GAP8_V2/GCC_RISCV/test:1c006ee0 0000003c T sprintf	/home/wenda/ai_deck/gap_sdk/rtos/pulp/pulp-os/libs/io/sprintf.c:55
/home/wenda/ai_deck/uwb-aideck/BUILD/GAP8_V2/GCC_RISCV/test:1c001500 0000003e t __pi_read_fs_write	/home/wenda/ai_deck/gap_sdk/rtos/pmsis/pmsis_bsp/fs/read_fs/read_fs.c:499
/home/wenda/ai_deck/uwb-aideck/BUILD/GAP8_V2/GCC_RISCV/test:1c003832 0000003e T __rt_cbsys_add	/home/wenda/ai_deck/gap_sdk/rtos/pulp/pulp-os/kernel/utils.c:57
/home/wenda/ai_deck/uwb-aideck/BUILD/GAP8_V2/GCC_RISCV/test:1c004434 0000003e T __rt_freq_init	/home/wenda/ai_deck/gap_sdk/rtos/pulp/pulp-os/kernel/gap/freq.c:62
/home/wenda/ai_deck/uwb-aideck/BUILD/GAP8_V2/GCC_RISCV/test:1c001d56 00000040 t hyperflash_stall_task	/home/wenda/ai_deck/gap_sdk/rtos/pmsis/pmsis_bsp/flash/hyperflash/hyperflash.c:403
/home/wenda/ai_deck/uwb-aideck/BUILD/GAP8_V2/GCC_RISCV/test:1c00154e 00000040 t __pi_read_fs_direct_read_async	/home/wenda/ai_deck/gap_sdk/rtos/pmsis/pmsis_bsp/fs/read_fs/read_fs.c:624
/home/wenda/ai_deck/uwb-aideck/BUILD/GAP8_V2/GCC_RISCV/test:1c001b2e 00000040 t __pi_read_fs_read_async	/home/wenda/ai_deck/gap_sdk/rtos/pmsis/pmsis_bsp/fs/read_fs/read_fs.c:586
/home/wenda/ai_deck/uwb-aideck/BUILD/GAP8_V2/GCC_RISCV/test:1c002578 00000042 t hyperflash_erase_async	/home/wenda/ai_deck/gap_sdk/rtos/pmsis/pmsis_bsp/flash/hyperflash/hyperflash.c:705
/home/wenda/ai_deck/uwb-aideck/BUILD/GAP8_V2/GCC_RISCV/test:1c001c70 00000042 t __pi_host_fs_copy_async	/home/wenda/ai_deck/gap_sdk/rtos/pmsis/pmsis_bsp/fs/host_fs/host_fs.c:115
/home/wenda/ai_deck/uwb-aideck/BUILD/GAP8_V2/GCC_RISCV/test:1c005bcc 00000042 t __rt_do_putc_host	/home/wenda/ai_deck/gap_sdk/rtos/pulp/pulp-os/libs/io/io.c:430
/home/wenda/ai_deck/uwb-aideck/BUILD/GAP8_V2/GCC_RISCV/test:1c006ff6 00000042 t __rt_uart_cluster_req	/home/wenda/ai_deck/gap_sdk/rtos/pulp/pulp-os/drivers_deprecated/uart/uart.c:266
/home/wenda/ai_deck/uwb-aideck/BUILD/GAP8_V2/GCC_RISCV/test:1c00589a 00000042 t __rt_uart_wait_tx_done.isra.17	/home/wenda/ai_deck/gap_sdk/install/GAP8_V2/include/hal/udma/uart/udma_uart_v1.h:217
/home/wenda/ai_deck/uwb-aideck/BUILD/GAP8_V2/GCC_RISCV/test:1c006f88 00000042 t __rt_uart_wait_tx_done.isra.6	/home/wenda/ai_deck/gap_sdk/rtos/pulp/pulp-os/drivers_deprecated/uart/uart.c:222
/home/wenda/ai_deck/uwb-aideck/BUILD/GAP8_V2/GCC_RISCV/test:1c0047a2 00000044 T InitFlls	/home/wenda/ai_deck/gap_sdk/rtos/pulp/pulp-os/kernel/gap/pmu_driver.c:858
/home/wenda/ai_deck/uwb-aideck/BUILD/GAP8_V2/GCC_RISCV/test:1c006394 00000044 t _ldiv5	/home/wenda/ai_deck/gap_sdk/rtos/pulp/pulp-os/libs/io/prf.c:143
/home/wenda/ai_deck/uwb-aideck/BUILD/GAP8_V2/GCC_RISCV/test:1c007afc 00000044 d __rt_uart	/home/wenda/ai_deck/gap_sdk/rtos/pulp/pulp-os/drivers/uart/uart.c:66
/home/wenda/ai_deck/uwb-aideck/BUILD/GAP8_V2/GCC_RISCV/test:1c0039d2 00000046 t __rt_bridge_wait
/home/wenda/ai_deck/uwb-aideck/BUILD/GAP8_V2/GCC_RISCV/test:1c003dfa 00000048 T rt_user_alloc	/home/wenda/ai_deck/gap_sdk/rtos/pulp/pulp-os/kernel/alloc.c:207
/home/wenda/ai_deck/uwb-aideck/BUILD/GAP8_V2/GCC_RISCV/test:1c005206 0000004a t __pi_hyper_copy_exec
/home/wenda/ai_deck/uwb-aideck/BUILD/GAP8_V2/GCC_RISCV/test:1c003a8a 0000004a T __rt_bridge_check_connection
/home/wenda/ai_deck/uwb-aideck/BUILD/GAP8_V2/GCC_RISCV/test:1c0043ea 0000004a T rt_freq_set_and_get	/home/wenda/ai_deck/gap_sdk/rtos/pulp/pulp-os/kernel/gap/freq.c:30
/home/wenda/ai_deck/uwb-aideck/BUILD/GAP8_V2/GCC_RISCV/test:1c00582e 0000004a t __rt_uart_setup	/home/wenda/ai_deck/gap_sdk/rtos/pulp/pulp-os/drivers/uart/uart.c:260
/home/wenda/ai_deck/uwb-aideck/BUILD/GAP8_V2/GCC_RISCV/test:1c0036c6 0000004c T rt_irq_set_handler	/home/wenda/ai_deck/gap_sdk/rtos/pulp/pulp-os/kernel/irq.c:61
/home/wenda/ai_deck/uwb-aideck/BUILD/GAP8_V2/GCC_RISCV/test:1c003e42 0000004c T rt_user_free	/home/wenda/ai_deck/gap_sdk/rtos/pulp/pulp-os/kernel/alloc.c:291
/home/wenda/ai_deck/uwb-aideck/BUILD/GAP8_V2/GCC_RISCV/test:1c00186a 0000004e t __pi_read_fs_close
/home/wenda/ai_deck/uwb-aideck/BUILD/GAP8_V2/GCC_RISCV/test:1c0070fc 0000004e T rt_uart_close	/home/wenda/ai_deck/gap_sdk/rtos/pulp/pulp-os/drivers_deprecated/uart/uart.c:228
/home/wenda/ai_deck/uwb-aideck/BUILD/GAP8_V2/GCC_RISCV/test:1c00265c 00000050 t hyperflash_check_program	/home/wenda/ai_deck/gap_sdk/rtos/pmsis/pmsis_bsp/flash/hyperflash/hyperflash.c:587
/home/wenda/ai_deck/uwb-aideck/BUILD/GAP8_V2/GCC_RISCV/test:1c002166 00000050 t hyperflash_reg_set_async	/home/wenda/ai_deck/gap_sdk/rtos/pmsis/pmsis_bsp/flash/hyperflash/hyperflash.c:226
/home/wenda/ai_deck/uwb-aideck/BUILD/GAP8_V2/GCC_RISCV/test:1c0057a8 00000050 T pi_gpio_mask_configure	/home/wenda/ai_deck/gap_sdk/rtos/pulp/pulp-os/drivers/gpio/gpio-v2.c:279
/home/wenda/ai_deck/uwb-aideck/BUILD/GAP8_V2/GCC_RISCV/test:1c003714 00000050 T __rt_handle_illegal_instr	/home/wenda/ai_deck/gap_sdk/rtos/pulp/pulp-os/kernel/irq.c:94
/home/wenda/ai_deck/uwb-aideck/BUILD/GAP8_V2/GCC_RISCV/test:1c005b7c 00000050 t __rt_io_uart_wait_req	/home/wenda/ai_deck/gap_sdk/rtos/pulp/pulp-os/libs/io/io.c:315
/home/wenda/ai_deck/uwb-aideck/BUILD/GAP8_V2/GCC_RISCV/test:00000354 00000050 D __rt_udma_channels
/home/wenda/ai_deck/uwb-aideck/BUILD/GAP8_V2/GCC_RISCV/test:1c005318 00000052 t exec_pending_task	/home/wenda/ai_deck/gap_sdk/rtos/pulp/pulp-os/drivers/hyper/hyperram-v1.c:867
/home/wenda/ai_deck/uwb-aideck/BUILD/GAP8_V2/GCC_RISCV/test:1c00260a 00000052 t hyperflash_check_erase	/home/wenda/ai_deck/gap_sdk/rtos/pmsis/pmsis_bsp/flash/hyperflash/hyperflash.c:623
/home/wenda/ai_deck/uwb-aideck/BUILD/GAP8_V2/GCC_RISCV/test:1c003764 00000052 T __rt_irq_init	/home/wenda/ai_deck/gap_sdk/rtos/pulp/pulp-os/kernel/irq.c:103
/home/wenda/ai_deck/uwb-aideck/BUILD/GAP8_V2/GCC_RISCV/test:1c007924 00000054 d hyperflash_api	/home/wenda/ai_deck/gap_sdk/rtos/pmsis/pmsis_bsp/flash/hyperflash/hyperflash.c:822
/home/wenda/ai_deck/uwb-aideck/BUILD/GAP8_V2/GCC_RISCV/test:1c005ada 00000054 T __rt_i2s_init	/home/wenda/ai_deck/gap_sdk/rtos/pulp/pulp-os/drivers_deprecated/i2s/i2s-v1.c:268
/home/wenda/ai_deck/uwb-aideck/BUILD/GAP8_V2/GCC_RISCV/test:1c005250 00000056 t __pi_hyper_copy	/home/wenda/ai_deck/gap_sdk/rtos/pulp/pulp-os/drivers/hyper/hyperram-v1.c:914
/home/wenda/ai_deck/uwb-aideck/BUILD/GAP8_V2/GCC_RISCV/test:1c004336 00000056 T __rt_periph_wait_event	/home/wenda/ai_deck/gap_sdk/rtos/pulp/pulp-os/kernel/periph-v2.c:237
/home/wenda/ai_deck/uwb-aideck/BUILD/GAP8_V2/GCC_RISCV/test:1c0051ae 00000058 T __pi_hyper_copy_aligned	/home/wenda/ai_deck/gap_sdk/rtos/pulp/pulp-os/drivers/hyper/hyperram-v1.c:480
/home/wenda/ai_deck/uwb-aideck/BUILD/GAP8_V2/GCC_RISCV/test:1c007dd8 00000058 b __pos_pwm	/home/wenda/ai_deck/gap_sdk/rtos/pulp/pulp-os/drivers/pwm/pwm-v1.c:43
/home/wenda/ai_deck/uwb-aideck/BUILD/GAP8_V2/GCC_RISCV/test:1c0059ae 00000058 T rt_extern_alloc_init	/home/wenda/ai_deck/gap_sdk/rtos/pulp/pulp-os/kernel/alloc_extern.c:105
/home/wenda/ai_deck/uwb-aideck/BUILD/GAP8_V2/GCC_RISCV/test:1c005c0e 0000005a t __rt_io_start	/home/wenda/ai_deck/gap_sdk/rtos/pulp/pulp-os/libs/io/io.c:746
/home/wenda/ai_deck/uwb-aideck/BUILD/GAP8_V2/GCC_RISCV/test:1c002260 0000005c t hyperflash_program_async	/home/wenda/ai_deck/gap_sdk/rtos/pmsis/pmsis_bsp/flash/hyperflash/hyperflash.c:605
/home/wenda/ai_deck/uwb-aideck/BUILD/GAP8_V2/GCC_RISCV/test:1c00210a 0000005c t hyperflash_reg_get_async	/home/wenda/ai_deck/gap_sdk/rtos/pmsis/pmsis_bsp/flash/hyperflash/hyperflash.c:240
/home/wenda/ai_deck/uwb-aideck/BUILD/GAP8_V2/GCC_RISCV/test:1c001cd0 0000005c t __pi_host_fs_open	/home/wenda/ai_deck/gap_sdk/rtos/pmsis/pmsis_bsp/fs/host_fs/host_fs.c:44
/home/wenda/ai_deck/uwb-aideck/BUILD/GAP8_V2/GCC_RISCV/test:1c004d34 0000005c T rt_cluster_mount	/home/wenda/ai_deck/gap_sdk/rtos/pulp/pulp-os/kernel/pulpos_emu.c:68
/home/wenda/ai_deck/uwb-aideck/BUILD/GAP8_V2/GCC_RISCV/test:1c00717e 0000005c T __rt_uart_init	/home/wenda/ai_deck/gap_sdk/rtos/pulp/pulp-os/drivers_deprecated/uart/uart.c:292
/home/wenda/ai_deck/uwb-aideck/BUILD/GAP8_V2/GCC_RISCV/test:1c0026e4 0000005e T pi_partition_find_first	/home/wenda/ai_deck/gap_sdk/rtos/pmsis/pmsis_bsp/partition/partition.c:65
/home/wenda/ai_deck/uwb-aideck/BUILD/GAP8_V2/GCC_RISCV/test:1c00438c 0000005e T __rt_periph_init	/home/wenda/ai_deck/gap_sdk/rtos/pulp/pulp-os/kernel/periph-v2.c:276
/home/wenda/ai_deck/uwb-aideck/BUILD/GAP8_V2/GCC_RISCV/test:1c005fda 0000005e T __rt_putc_debug_bridge	/home/wenda/ai_deck/gap_sdk/rtos/pulp/pulp-os/libs/io/io.c:288
/home/wenda/ai_deck/uwb-aideck/BUILD/GAP8_V2/GCC_RISCV/test:1c0048bc 00000062 t __rt_init_cluster_data	/home/wenda/ai_deck/gap_sdk/rtos/pulp/pulp-os/kernel/cluster.c:72
/home/wenda/ai_deck/uwb-aideck/BUILD/GAP8_V2/GCC_RISCV/test:1c00491e 00000064 t __rt_cluster_init	/home/wenda/ai_deck/gap_sdk/rtos/pulp/pulp-os/kernel/cluster.c:382
/home/wenda/ai_deck/uwb-aideck/BUILD/GAP8_V2/GCC_RISCV/test:1c003d20 00000064 T __rt_event_execute	/home/wenda/ai_deck/gap_sdk/rtos/pulp/pulp-os/kernel/events.c:189
/home/wenda/ai_deck/uwb-aideck/BUILD/GAP8_V2/GCC_RISCV/test:1c003f32 0000006a T __rt_allocs_init	/home/wenda/ai_deck/gap_sdk/rtos/pulp/pulp-os/kernel/alloc.c:465
/home/wenda/ai_deck/uwb-aideck/BUILD/GAP8_V2/GCC_RISCV/test:1c0028dc 0000006c T flash_partition_find_first	/home/wenda/ai_deck/gap_sdk/rtos/pmsis/pmsis_bsp/partition/flash_partition.c:228
/home/wenda/ai_deck/uwb-aideck/BUILD/GAP8_V2/GCC_RISCV/test:1c003b6a 0000006e T __rt_bridge_req_shutdown	/home/wenda/ai_deck/gap_sdk/rtos/pulp/pulp-os/kernel/bridge.c:774
/home/wenda/ai_deck/uwb-aideck/BUILD/GAP8_V2/GCC_RISCV/test:1c001950 00000070 t __pi_fs_read_cached	/home/wenda/ai_deck/gap_sdk/rtos/pmsis/pmsis_bsp/fs/read_fs/read_fs.c:434
/home/wenda/ai_deck/uwb-aideck/BUILD/GAP8_V2/GCC_RISCV/test:1c004bbc 00000070 T __rt_cluster_push_fc_event	/home/wenda/ai_deck/gap_sdk/rtos/pulp/pulp-os/kernel/cluster.c:413
/home/wenda/ai_deck/uwb-aideck/BUILD/GAP8_V2/GCC_RISCV/test:1c005c88 00000070 t __rt_io_lock
/home/wenda/ai_deck/uwb-aideck/BUILD/GAP8_V2/GCC_RISCV/test:1c005d2c 00000070 t __rt_io_unlock
/home/wenda/ai_deck/uwb-aideck/BUILD/GAP8_V2/GCC_RISCV/test:1c005908 00000072 T __pi_uart_init	/home/wenda/ai_deck/gap_sdk/rtos/pulp/pulp-os/drivers/uart/uart.c:622
/home/wenda/ai_deck/uwb-aideck/BUILD/GAP8_V2/GCC_RISCV/test:1c003a18 00000072 T __rt_bridge_handle_notif	/home/wenda/ai_deck/gap_sdk/rtos/pulp/pulp-os/kernel/bridge.c:644
/home/wenda/ai_deck/uwb-aideck/BUILD/GAP8_V2/GCC_RISCV/test:1c006244 00000072 T __rt_io_init	/home/wenda/ai_deck/gap_sdk/rtos/pulp/pulp-os/libs/io/io.c:800
/home/wenda/ai_deck/uwb-aideck/BUILD/GAP8_V2/GCC_RISCV/test:1c002742 00000074 T flash_partition_table_verify	/home/wenda/ai_deck/gap_sdk/rtos/pmsis/pmsis_bsp/partition/flash_partition.c:80
/home/wenda/ai_deck/uwb-aideck/BUILD/GAP8_V2/GCC_RISCV/test:1c001f9a 00000074 t hyperflash_read_async	/home/wenda/ai_deck/gap_sdk/rtos/pmsis/pmsis_bsp/flash/hyperflash/hyperflash.c:254
/home/wenda/ai_deck/uwb-aideck/BUILD/GAP8_V2/GCC_RISCV/test:1c003c4c 00000074 T rt_event_alloc	/home/wenda/ai_deck/gap_sdk/rtos/pulp/pulp-os/kernel/events.c:52
/home/wenda/ai_deck/uwb-aideck/BUILD/GAP8_V2/GCC_RISCV/test:1c0061c4 00000076 T exit	/home/wenda/ai_deck/gap_sdk/rtos/pulp/pulp-os/libs/io/io.c:690
/home/wenda/ai_deck/uwb-aideck/BUILD/GAP8_V2/GCC_RISCV/test:1c003fe6 0000007a T rt_event_push_delayed	/home/wenda/ai_deck/gap_sdk/rtos/pulp/pulp-os/kernel/time.c:59
/home/wenda/ai_deck/uwb-aideck/BUILD/GAP8_V2/GCC_RISCV/test:1c0037b6 0000007c t __rt_fc_cluster_lock_req	/home/wenda/ai_deck/gap_sdk/rtos/pulp/pulp-os/kernel/utils.c:142
/home/wenda/ai_deck/uwb-aideck/BUILD/GAP8_V2/GCC_RISCV/test:1c001ba6 0000007e t __pi_host_fs_copy_2d_async	/home/wenda/ai_deck/gap_sdk/rtos/pmsis/pmsis_bsp/fs/host_fs/host_fs.c:126
/home/wenda/ai_deck/uwb-aideck/BUILD/GAP8_V2/GCC_RISCV/test:1c007cc0 00000080 b __pi_hyper_temp_buffer	/home/wenda/ai_deck/gap_sdk/rtos/pulp/pulp-os/drivers/hyper/hyperram-v1.c:160
/home/wenda/ai_deck/uwb-aideck/BUILD/GAP8_V2/GCC_RISCV/test:1c007e30 00000080 b __rt_io_event	/home/wenda/ai_deck/gap_sdk/rtos/pulp/pulp-os/libs/io/io.c:39
/home/wenda/ai_deck/uwb-aideck/BUILD/GAP8_V2/GCC_RISCV/test:1c007b60 00000080 d __rt_putc_host_buffer	/home/wenda/ai_deck/gap_sdk/rtos/pulp/pulp-os/libs/io/io.c:47
/home/wenda/ai_deck/uwb-aideck/BUILD/GAP8_V2/GCC_RISCV/test:1c007efc 00000080 B taskUart	/home/wenda/ai_deck/uwb-aideck/test.c:39
/home/wenda/ai_deck/uwb-aideck/BUILD/GAP8_V2/GCC_RISCV/test:1c0056f0 00000086 T __pi_gpio_handler	/home/wenda/ai_deck/gap_sdk/rtos/pulp/pulp-os/drivers/gpio/gpio-v2.c:54
/home/wenda/ai_deck/uwb-aideck/BUILD/GAP8_V2/GCC_RISCV/test:1c007c0c 00000088 b bsp_fs_data	/home/wenda/ai_deck/gap_sdk/rtos/pmsis/pmsis_bsp/fs/host_fs/host_fs.c:27
/home/wenda/ai_deck/uwb-aideck/BUILD/GAP8_V2/GCC_RISCV/test:1c000c5e 00000088 T __extendsfdf2	/home/haugoug/src/riscv-gnu-toolchain/riscv-gcc/libgcc/soft-fp/extendsfdf2.c:37
/home/wenda/ai_deck/uwb-aideck/BUILD/GAP8_V2/GCC_RISCV/test:1c001d96 00000088 t hyperflash_read_2d_async	/home/wenda/ai_deck/gap_sdk/rtos/pmsis/pmsis_bsp/flash/hyperflash/hyperflash.c:266
/home/wenda/ai_deck/uwb-aideck/BUILD/GAP8_V2/GCC_RISCV/test:1c004084 0000008c T __rt_time_init	/home/wenda/ai_deck/gap_sdk/rtos/pulp/pulp-os/kernel/time.c:136
/home/wenda/ai_deck/uwb-aideck/BUILD/GAP8_V2/GCC_RISCV/test:1c00706e 0000008e T __rt_uart_open	/home/wenda/ai_deck/gap_sdk/rtos/pulp/pulp-os/drivers_deprecated/uart/uart.c:151
/home/wenda/ai_deck/uwb-aideck/BUILD/GAP8_V2/GCC_RISCV/test:1c0022f2 00000090 t hyperflash_open	/home/wenda/ai_deck/gap_sdk/rtos/pmsis/pmsis_bsp/flash/hyperflash/hyperflash.c:152
/home/wenda/ai_deck/uwb-aideck/BUILD/GAP8_V2/GCC_RISCV/test:1c001a9e 00000090 t __pi_read_fs_try_read	/home/wenda/ai_deck/gap_sdk/rtos/pmsis/pmsis_bsp/fs/read_fs/read_fs.c:537
/home/wenda/ai_deck/uwb-aideck/BUILD/GAP8_V2/GCC_RISCV/test:1c004ca4 00000090 T rt_cluster_call	/home/wenda/ai_deck/gap_sdk/rtos/pulp/pulp-os/kernel/pulpos_emu.c:40
/home/wenda/ai_deck/uwb-aideck/BUILD/GAP8_V2/GCC_RISCV/test:1c0044c4 00000090 T __rt_pmu_cluster_power_down	/home/wenda/ai_deck/gap_sdk/rtos/pulp/pulp-os/kernel/gap/pmu_driver.c:205
/home/wenda/ai_deck/uwb-aideck/BUILD/GAP8_V2/GCC_RISCV/test:1c005e76 00000092 t __rt_io_uart_wait_pending	/home/wenda/ai_deck/gap_sdk/rtos/pulp/pulp-os/libs/io/io.c:332
/home/wenda/ai_deck/uwb-aideck/BUILD/GAP8_V2/GCC_RISCV/test:1c0062e2 00000092 t _to_x	/home/wenda/ai_deck/gap_sdk/rtos/pulp/pulp-os/libs/io/prf.c:44
/home/wenda/ai_deck/uwb-aideck/BUILD/GAP8_V2/GCC_RISCV/test:1c0018b8 00000098 t __pi_read_fs_mount	/home/wenda/ai_deck/gap_sdk/rtos/pmsis/pmsis_bsp/fs/read_fs/read_fs.c:242
/home/wenda/ai_deck/uwb-aideck/BUILD/GAP8_V2/GCC_RISCV/test:1c007d40 00000098 b __rt_gpio	/home/wenda/ai_deck/gap_sdk/rtos/pulp/pulp-os/drivers/gpio/gpio-v2.c:34
/home/wenda/ai_deck/uwb-aideck/BUILD/GAP8_V2/GCC_RISCV/test:1c003250 0000009c T MD5_Update	/home/wenda/ai_deck/gap_sdk/rtos/pmsis/pmsis_bsp/crc/md5.c:218
/home/wenda/ai_deck/uwb-aideck/BUILD/GAP8_V2/GCC_RISCV/test:1c005600 0000009e t __pi_hyper_copy_2d	/home/wenda/ai_deck/gap_sdk/rtos/pulp/pulp-os/drivers/hyper/hyperram-v1.c:946
/home/wenda/ai_deck/uwb-aideck/BUILD/GAP8_V2/GCC_RISCV/test:1c00510e 000000a0 T pi_hyper_close	/home/wenda/ai_deck/gap_sdk/rtos/pulp/pulp-os/drivers/hyper/hyperram-v1.c:337
/home/wenda/ai_deck/uwb-aideck/BUILD/GAP8_V2/GCC_RISCV/test:1c004634 000000a4 T InitOneFll	/home/wenda/ai_deck/gap_sdk/rtos/pulp/pulp-os/kernel/gap/pmu_driver.c:771
/home/wenda/ai_deck/uwb-aideck/BUILD/GAP8_V2/GCC_RISCV/test:1c001ef4 000000a6 t hyperflash_erase_chip_async	/home/wenda/ai_deck/gap_sdk/rtos/pmsis/pmsis_bsp/flash/hyperflash/hyperflash.c:640
/home/wenda/ai_deck/uwb-aideck/BUILD/GAP8_V2/GCC_RISCV/test:1c0024ce 000000aa t hyperflash_erase_resume	/home/wenda/ai_deck/gap_sdk/rtos/pmsis/pmsis_bsp/flash/hyperflash/hyperflash.c:680
/home/wenda/ai_deck/uwb-aideck/BUILD/GAP8_V2/GCC_RISCV/test:1c0021b6 000000aa t hyperflash_program_resume	/home/wenda/ai_deck/gap_sdk/rtos/pmsis/pmsis_bsp/flash/hyperflash/hyperflash.c:518
/home/wenda/ai_deck/uwb-aideck/BUILD/GAP8_V2/GCC_RISCV/test:1c006074 000000ac t tfp_putc.isra.9	/home/wenda/ai_deck/gap_sdk/rtos/pulp/pulp-os/libs/io/io.c:795
/home/wenda/ai_deck/uwb-aideck/BUILD/GAP8_V2/GCC_RISCV/test:1c001e44 000000b0 t hyperflash_erase_sector_async	/home/wenda/ai_deck/gap_sdk/rtos/pmsis/pmsis_bsp/flash/hyperflash/hyperflash.c:659
/home/wenda/ai_deck/uwb-aideck/BUILD/GAP8_V2/GCC_RISCV/test:1c0047e6 000000ba T __rt_pmu_init	/home/wenda/ai_deck/gap_sdk/rtos/pulp/pulp-os/kernel/gap/pmu_driver.c:472
/home/wenda/ai_deck/uwb-aideck/BUILD/GAP8_V2/GCC_RISCV/test:1c0079c0 000000c0 D __hal_debug_struct
/home/wenda/ai_deck/uwb-aideck/BUILD/GAP8_V2/GCC_RISCV/test:1c0046d8 000000ca T __rt_pmu_cluster_power_up
/home/wenda/ai_deck/uwb-aideck/BUILD/GAP8_V2/GCC_RISCV/test:1c004ab2 000000d8 T pi_cluster_open	/home/wenda/ai_deck/gap_sdk/rtos/pulp/pulp-os/kernel/cluster.c:343
/home/wenda/ai_deck/uwb-aideck/BUILD/GAP8_V2/GCC_RISCV/test:1c005d9c 000000da t __rt_io_uart_flush.constprop.11	/home/wenda/ai_deck/gap_sdk/rtos/pulp/pulp-os/libs/io/io.c:795
/home/wenda/ai_deck/uwb-aideck/BUILD/GAP8_V2/GCC_RISCV/test:1c0019c0 000000de T __pi_fs_read	/home/wenda/ai_deck/gap_sdk/rtos/pmsis/pmsis_bsp/fs/read_fs/read_fs.c:455
/home/wenda/ai_deck/uwb-aideck/BUILD/GAP8_V2/GCC_RISCV/test:1c004554 000000e0 T SetFllFrequency
/home/wenda/ai_deck/uwb-aideck/BUILD/GAP8_V2/GCC_RISCV/test:1c004110 000000f2 T __rt_timer_handler	/home/wenda/ai_deck/gap_sdk/rtos/pulp/pulp-os/kernel/time_irq.c:30
/home/wenda/ai_deck/uwb-aideck/BUILD/GAP8_V2/GCC_RISCV/test:1c004d90 000000fa T pi_cluster_send_task_to_cl_async	/home/wenda/ai_deck/gap_sdk/rtos/pulp/pulp-os/kernel/cluster_call.c:65
/home/wenda/ai_deck/uwb-aideck/BUILD/GAP8_V2/GCC_RISCV/test:1c000ce6 000000fc t decode_packet.constprop.3	/home/wenda/ai_deck/uwb-aideck/img_proc.h:65
/home/wenda/ai_deck/uwb-aideck/BUILD/GAP8_V2/GCC_RISCV/test:1c00200e 000000fc t hyperflash_handle_pending_task	/home/wenda/ai_deck/gap_sdk/rtos/pmsis/pmsis_bsp/flash/hyperflash/hyperflash.c:280
/home/wenda/ai_deck/uwb-aideck/BUILD/GAP8_V2/GCC_RISCV/test:1c00743c 00000100 R __clz_tab
/home/wenda/ai_deck/uwb-aideck/BUILD/GAP8_V2/GCC_RISCV/test:1c0027b6 00000102 T flash_partition_table_load	/home/wenda/ai_deck/gap_sdk/rtos/pmsis/pmsis_bsp/partition/flash_partition.c:114
/home/wenda/ai_deck/uwb-aideck/BUILD/GAP8_V2/GCC_RISCV/test:1c001744 00000126 t __pi_fs_mount_step	/home/wenda/ai_deck/gap_sdk/rtos/pmsis/pmsis_bsp/fs/read_fs/read_fs.c:140
/home/wenda/ai_deck/uwb-aideck/BUILD/GAP8_V2/GCC_RISCV/test:1c00161e 00000126 t __pi_read_fs_open	/home/wenda/ai_deck/gap_sdk/rtos/pmsis/pmsis_bsp/fs/read_fs/read_fs.c:295
/home/wenda/ai_deck/uwb-aideck/BUILD/GAP8_V2/GCC_RISCV/test:1c004982 0000012a t __rt_cluster_mount_step	/home/wenda/ai_deck/gap_sdk/rtos/pulp/pulp-os/kernel/cluster.c:221
/home/wenda/ai_deck/uwb-aideck/BUILD/GAP8_V2/GCC_RISCV/test:1c004202 00000134 T rt_periph_copy	/home/wenda/ai_deck/gap_sdk/rtos/pulp/pulp-os/kernel/periph-v2.c:58
/home/wenda/ai_deck/uwb-aideck/BUILD/GAP8_V2/GCC_RISCV/test:1c0032ec 00000138 T MD5_Final	/home/wenda/ai_deck/gap_sdk/rtos/pmsis/pmsis_bsp/crc/md5.c:258
/home/wenda/ai_deck/uwb-aideck/BUILD/GAP8_V2/GCC_RISCV/test:1c004fae 00000160 T pi_hyper_open	/home/wenda/ai_deck/gap_sdk/rtos/pulp/pulp-os/drivers/hyper/hyperram-v1.c:261
/home/wenda/ai_deck/uwb-aideck/BUILD/GAP8_V2/GCC_RISCV/test:1c003534 00000166 T __rt_init	/home/wenda/ai_deck/gap_sdk/rtos/pulp/pulp-os/kernel/init.c:74
/home/wenda/ai_deck/uwb-aideck/BUILD/GAP8_V2/GCC_RISCV/test:00000030 00000280 D periph_channels
/home/wenda/ai_deck/uwb-aideck/BUILD/GAP8_V2/GCC_RISCV/test:1c00536a 00000296 t __pi_hyper_copy_misaligned	/home/wenda/ai_deck/gap_sdk/rtos/pulp/pulp-os/drivers/hyper/hyperram-v1.c:806
/home/wenda/ai_deck/uwb-aideck/BUILD/GAP8_V2/GCC_RISCV/test:1c000de2 000002f2 T test_camera
/home/wenda/ai_deck/uwb-aideck/BUILD/GAP8_V2/GCC_RISCV/test:1c0010ee 00000318 T WriteImageToFile	/home/wenda/ai_deck/gap_sdk/libs/gap_lib/img_io/ImgIO.c:431
/home/wenda/ai_deck/uwb-aideck/BUILD/GAP8_V2/GCC_RISCV/test:1c000930 0000032e T __umoddi3	/home/haugoug/src/riscv-gnu-toolchain/riscv-gcc/libgcc/libgcc2.c:1305
/home/wenda/ai_deck/uwb-aideck/BUILD/GAP8_V2/GCC_RISCV/test:1c0005f4 0000033c T __udivdi3	/home/haugoug/src/riscv-gnu-toolchain/riscv-gcc/libgcc/libgcc2.c:1317
/home/wenda/ai_deck/uwb-aideck/BUILD/GAP8_V2/GCC_RISCV/test:1b0003e8 00000800 D __rt_fc_stack	/home/wenda/ai_deck/gap_sdk/rtos/pulp/pulp-os/kernel/conf.c:38
/home/wenda/ai_deck/uwb-aideck/BUILD/GAP8_V2/GCC_RISCV/test:1c002948 000008d6 t body	/home/wenda/ai_deck/gap_sdk/rtos/pmsis/pmsis_bsp/crc/md5.c:100
/home/wenda/ai_deck/uwb-aideck/BUILD/GAP8_V2/GCC_RISCV/test:1c00640c 00000ab6 T _prf	/home/wenda/ai_deck/gap_sdk/rtos/pulp/pulp-os/libs/io/prf.c:437
